Vivado Simulator v2024.2.0
Copyright 1986-2022 Xilinx, Inc. All Rights Reserved.
Copyright 2022-2024 Advanced Micro Devices, Inc. All Rights Reserved.
Running: C:/Users/utente/Vivado/2024.2/bin/unwrapped/win64.o/xelab.exe --incr --debug typical --relax --mt 2 -L xil_defaultlib -L secureip --snapshot TB_FILTRO_ESPONENZIALE_behav xil_defaultlib.TB_FILTRO_ESPONENZIALE -log elaborate.log 
Using 2 slave threads.
Starting static elaboration
Completed static elaboration
Starting simulation data flow analysis
Completed simulation data flow analysis
Time Resolution for simulation is 1ps
Compiling package std.standard
Compiling package std.textio
Compiling package ieee.std_logic_1164
Compiling architecture rtl of entity xil_defaultlib.FF_D [ff_d_default]
Compiling architecture struct of entity xil_defaultlib.FF_D_N [ff_d_n_default]
Compiling architecture struct of entity xil_defaultlib.FF_D_N [\FF_D_N(n=3)\]
Compiling architecture rtl of entity xil_defaultlib.BARREL_SHIFTER [barrel_shifter_default]
Compiling architecture rtl of entity xil_defaultlib.FA [fa_default]
Compiling architecture rtl of entity xil_defaultlib.SIMPLE_SUM [simple_sum_default]
Compiling architecture struct of entity xil_defaultlib.SUM [sum_default]
Compiling architecture struct of entity xil_defaultlib.FILTRO_ESPONENZIALE [filtro_esponenziale_default]
Compiling architecture beh of entity xil_defaultlib.tb_filtro_esponenziale
Built simulation snapshot TB_FILTRO_ESPONENZIALE_behav
