INFO: [VRFC 10-2263] Analyzing Verilog file "C:/Users/utente/VivaldoProjects/ProgettoRetiLogiche/ProgettoRetiLogiche.sim/sim_1/synth/timing/xsim/TB_FILTRO_ESPONENZIALE_time_synth.v" into library xil_defaultlib
INFO: [VRFC 10-311] analyzing module FF_D
INFO: [VRFC 10-311] analyzing module FF_D_10
INFO: [VRFC 10-311] analyzing module FF_D_100
INFO: [VRFC 10-311] analyzing module FF_D_101
INFO: [VRFC 10-311] analyzing module FF_D_11
INFO: [VRFC 10-311] analyzing module FF_D_12
INFO: [VRFC 10-311] analyzing module FF_D_13
INFO: [VRFC 10-311] analyzing module FF_D_14
INFO: [VRFC 10-311] analyzing module FF_D_15
INFO: [VRFC 10-311] analyzing module FF_D_16
INFO: [VRFC 10-311] analyzing module FF_D_17
INFO: [VRFC 10-311] analyzing module FF_D_18
INFO: [VRFC 10-311] analyzing module FF_D_19
INFO: [VRFC 10-311] analyzing module FF_D_2
INFO: [VRFC 10-311] analyzing module FF_D_20
INFO: [VRFC 10-311] analyzing module FF_D_21
INFO: [VRFC 10-311] analyzing module FF_D_22
INFO: [VRFC 10-311] analyzing module FF_D_23
INFO: [VRFC 10-311] analyzing module FF_D_24
INFO: [VRFC 10-311] analyzing module FF_D_25
INFO: [VRFC 10-311] analyzing module FF_D_26
INFO: [VRFC 10-311] analyzing module FF_D_27
INFO: [VRFC 10-311] analyzing module FF_D_28
INFO: [VRFC 10-311] analyzing module FF_D_29
INFO: [VRFC 10-311] analyzing module FF_D_3
INFO: [VRFC 10-311] analyzing module FF_D_30
INFO: [VRFC 10-311] analyzing module FF_D_31
INFO: [VRFC 10-311] analyzing module FF_D_32
INFO: [VRFC 10-311] analyzing module FF_D_32_0
INFO: [VRFC 10-311] analyzing module FF_D_32_1
INFO: [VRFC 10-311] analyzing module FF_D_33
INFO: [VRFC 10-311] analyzing module FF_D_34
INFO: [VRFC 10-311] analyzing module FF_D_35
INFO: [VRFC 10-311] analyzing module FF_D_36
INFO: [VRFC 10-311] analyzing module FF_D_37
INFO: [VRFC 10-311] analyzing module FF_D_38
INFO: [VRFC 10-311] analyzing module FF_D_39
INFO: [VRFC 10-311] analyzing module FF_D_4
INFO: [VRFC 10-311] analyzing module FF_D_40
INFO: [VRFC 10-311] analyzing module FF_D_41
INFO: [VRFC 10-311] analyzing module FF_D_42
INFO: [VRFC 10-311] analyzing module FF_D_43
INFO: [VRFC 10-311] analyzing module FF_D_44
INFO: [VRFC 10-311] analyzing module FF_D_45
INFO: [VRFC 10-311] analyzing module FF_D_46
INFO: [VRFC 10-311] analyzing module FF_D_47
INFO: [VRFC 10-311] analyzing module FF_D_48
INFO: [VRFC 10-311] analyzing module FF_D_49
INFO: [VRFC 10-311] analyzing module FF_D_5
INFO: [VRFC 10-311] analyzing module FF_D_50
INFO: [VRFC 10-311] analyzing module FF_D_51
INFO: [VRFC 10-311] analyzing module FF_D_52
INFO: [VRFC 10-311] analyzing module FF_D_53
INFO: [VRFC 10-311] analyzing module FF_D_54
INFO: [VRFC 10-311] analyzing module FF_D_55
INFO: [VRFC 10-311] analyzing module FF_D_56
INFO: [VRFC 10-311] analyzing module FF_D_57
INFO: [VRFC 10-311] analyzing module FF_D_58
INFO: [VRFC 10-311] analyzing module FF_D_59
INFO: [VRFC 10-311] analyzing module FF_D_6
INFO: [VRFC 10-311] analyzing module FF_D_60
INFO: [VRFC 10-311] analyzing module FF_D_61
INFO: [VRFC 10-311] analyzing module FF_D_62
INFO: [VRFC 10-311] analyzing module FF_D_63
INFO: [VRFC 10-311] analyzing module FF_D_64
INFO: [VRFC 10-311] analyzing module FF_D_65
INFO: [VRFC 10-311] analyzing module FF_D_66
INFO: [VRFC 10-311] analyzing module FF_D_67
INFO: [VRFC 10-311] analyzing module FF_D_68
INFO: [VRFC 10-311] analyzing module FF_D_69
INFO: [VRFC 10-311] analyzing module FF_D_7
INFO: [VRFC 10-311] analyzing module FF_D_70
INFO: [VRFC 10-311] analyzing module FF_D_71
INFO: [VRFC 10-311] analyzing module FF_D_72
INFO: [VRFC 10-311] analyzing module FF_D_73
INFO: [VRFC 10-311] analyzing module FF_D_74
INFO: [VRFC 10-311] analyzing module FF_D_75
INFO: [VRFC 10-311] analyzing module FF_D_76
INFO: [VRFC 10-311] analyzing module FF_D_77
INFO: [VRFC 10-311] analyzing module FF_D_78
INFO: [VRFC 10-311] analyzing module FF_D_79
INFO: [VRFC 10-311] analyzing module FF_D_8
INFO: [VRFC 10-311] analyzing module FF_D_80
INFO: [VRFC 10-311] analyzing module FF_D_81
INFO: [VRFC 10-311] analyzing module FF_D_82
INFO: [VRFC 10-311] analyzing module FF_D_83
INFO: [VRFC 10-311] analyzing module FF_D_84
INFO: [VRFC 10-311] analyzing module FF_D_85
INFO: [VRFC 10-311] analyzing module FF_D_86
INFO: [VRFC 10-311] analyzing module FF_D_87
INFO: [VRFC 10-311] analyzing module FF_D_88
INFO: [VRFC 10-311] analyzing module FF_D_89
INFO: [VRFC 10-311] analyzing module FF_D_9
INFO: [VRFC 10-311] analyzing module FF_D_90
INFO: [VRFC 10-311] analyzing module FF_D_91
INFO: [VRFC 10-311] analyzing module FF_D_92
INFO: [VRFC 10-311] analyzing module FF_D_93
INFO: [VRFC 10-311] analyzing module FF_D_94
INFO: [VRFC 10-311] analyzing module FF_D_95
INFO: [VRFC 10-311] analyzing module FF_D_96
INFO: [VRFC 10-311] analyzing module FF_D_97
INFO: [VRFC 10-311] analyzing module FF_D_98
INFO: [VRFC 10-311] analyzing module FF_D_99
INFO: [VRFC 10-311] analyzing module FILTRO_ESPONENZIALE
INFO: [VRFC 10-311] analyzing module glbl
INFO: [VRFC 10-163] Analyzing VHDL file "C:/Users/utente/VivaldoProjects/ProgettoRetiLogiche/ProgettoRetiLogiche.srcs/sim_1/new/TB_FILTRO_ESPONENZIALE.vhd" into library xil_defaultlib
INFO: [VRFC 10-3107] analyzing entity 'TB_FILTRO_ESPONENZIALE'
