
*** Running vivado
    with args -log FILTRO_ESPONENZIALE.vds -m64 -product Vivado -mode batch -messageDb vivado.pb -notrace -source FILTRO_ESPONENZIALE.tcl



****** Vivado v2024.2 (64-bit)
  **** SW Build 5239630 on Fri Nov 08 22:35:27 MST 2024
  **** IP Build 5239520 on Sun Nov 10 16:12:51 MST 2024
  **** SharedData Build 5239561 on Fri Nov 08 14:39:27 MST 2024
  **** Start of session at: Thu Aug 28 18:09:25 2025
    ** Copyright 1986-2022 Xilinx, Inc. All Rights Reserved.
    ** Copyright 2022-2024 Advanced Micro Devices, Inc. All Rights Reserved.

source FILTRO_ESPONENZIALE.tcl -notrace
Command: read_checkpoint -auto_incremental -incremental C:/Users/utente/Desktop/Progetto_Vivado/RL_ExponentialFilter/ExponentialFilter/ProgettoRetiLogiche.srcs/utils_1/imports/synth_1/FA.dcp
INFO: [Vivado 12-5825] Read reference checkpoint from C:/Users/utente/Desktop/Progetto_Vivado/RL_ExponentialFilter/ExponentialFilter/ProgettoRetiLogiche.srcs/utils_1/imports/synth_1/FA.dcp for incremental synthesis
INFO: [Vivado 12-7989] Please ensure there are no constraint changes
Command: synth_design -top FILTRO_ESPONENZIALE -part xc7k70tfbv676-1
Starting synth_design
Attempting to get a license for feature 'Synthesis' and/or device 'xc7k70t'
INFO: [Common 17-349] Got license for feature 'Synthesis' and/or device 'xc7k70t'
INFO: [Device 21-403] Loading part xc7k70tfbv676-1
INFO: [Designutils 20-5440] No compile time benefit to using incremental synthesis; A full resynthesis will be run
INFO: [Designutils 20-4379] Flow is switching to default flow due to incremental criteria not met. If you would like to alter this behaviour and have the flow terminate instead, please set the following parameter config_implementation {autoIncr.Synth.RejectBehavior Terminate}
INFO: [Synth 8-7079] Multithreading enabled for synth_design using a maximum of 2 processes.
INFO: [Synth 8-7078] Launching helper process for spawning children vivado processes
INFO: [Synth 8-7075] Helper process launched with PID 32896
---------------------------------------------------------------------------------
Starting RTL Elaboration : Time (s): cpu = 00:00:04 ; elapsed = 00:00:05 . Memory (MB): peak = 1023.426 ; gain = 468.559
---------------------------------------------------------------------------------
INFO: [Synth 8-638] synthesizing module 'FILTRO_ESPONENZIALE' [C:/Users/utente/Desktop/Progetto_Vivado/RL_ExponentialFilter/ExponentialFilter/ProgettoRetiLogiche.srcs/sources_1/new/FILTRO_ESPONENZIALE.vhd:15]
INFO: [Synth 8-638] synthesizing module 'FF_D_N' [C:/Users/utente/Desktop/Progetto_Vivado/RL_ExponentialFilter/ExponentialFilter/ProgettoRetiLogiche.srcs/sources_1/new/FF_D_N.vhd:17]
INFO: [Synth 8-3491] module 'FF_D' declared at 'C:/Users/utente/Desktop/Progetto_Vivado/RL_ExponentialFilter/ExponentialFilter/ProgettoRetiLogiche.srcs/sources_1/new/FF_D.vhd:4' bound to instance 'FF_D_i' of component 'FF_D' [C:/Users/utente/Desktop/Progetto_Vivado/RL_ExponentialFilter/ExponentialFilter/ProgettoRetiLogiche.srcs/sources_1/new/FF_D_N.vhd:32]
INFO: [Synth 8-638] synthesizing module 'FF_D' [C:/Users/utente/Desktop/Progetto_Vivado/RL_ExponentialFilter/ExponentialFilter/ProgettoRetiLogiche.srcs/sources_1/new/FF_D.vhd:14]
INFO: [Synth 8-256] done synthesizing module 'FF_D' (0#1) [C:/Users/utente/Desktop/Progetto_Vivado/RL_ExponentialFilter/ExponentialFilter/ProgettoRetiLogiche.srcs/sources_1/new/FF_D.vhd:14]
INFO: [Synth 8-3491] module 'FF_D' declared at 'C:/Users/utente/Desktop/Progetto_Vivado/RL_ExponentialFilter/ExponentialFilter/ProgettoRetiLogiche.srcs/sources_1/new/FF_D.vhd:4' bound to instance 'FF_D_i' of component 'FF_D' [C:/Users/utente/Desktop/Progetto_Vivado/RL_ExponentialFilter/ExponentialFilter/ProgettoRetiLogiche.srcs/sources_1/new/FF_D_N.vhd:32]
INFO: [Synth 8-3491] module 'FF_D' declared at 'C:/Users/utente/Desktop/Progetto_Vivado/RL_ExponentialFilter/ExponentialFilter/ProgettoRetiLogiche.srcs/sources_1/new/FF_D.vhd:4' bound to instance 'FF_D_i' of component 'FF_D' [C:/Users/utente/Desktop/Progetto_Vivado/RL_ExponentialFilter/ExponentialFilter/ProgettoRetiLogiche.srcs/sources_1/new/FF_D_N.vhd:32]
INFO: [Synth 8-3491] module 'FF_D' declared at 'C:/Users/utente/Desktop/Progetto_Vivado/RL_ExponentialFilter/ExponentialFilter/ProgettoRetiLogiche.srcs/sources_1/new/FF_D.vhd:4' bound to instance 'FF_D_i' of component 'FF_D' [C:/Users/utente/Desktop/Progetto_Vivado/RL_ExponentialFilter/ExponentialFilter/ProgettoRetiLogiche.srcs/sources_1/new/FF_D_N.vhd:32]
INFO: [Synth 8-3491] module 'FF_D' declared at 'C:/Users/utente/Desktop/Progetto_Vivado/RL_ExponentialFilter/ExponentialFilter/ProgettoRetiLogiche.srcs/sources_1/new/FF_D.vhd:4' bound to instance 'FF_D_i' of component 'FF_D' [C:/Users/utente/Desktop/Progetto_Vivado/RL_ExponentialFilter/ExponentialFilter/ProgettoRetiLogiche.srcs/sources_1/new/FF_D_N.vhd:32]
INFO: [Synth 8-3491] module 'FF_D' declared at 'C:/Users/utente/Desktop/Progetto_Vivado/RL_ExponentialFilter/ExponentialFilter/ProgettoRetiLogiche.srcs/sources_1/new/FF_D.vhd:4' bound to instance 'FF_D_i' of component 'FF_D' [C:/Users/utente/Desktop/Progetto_Vivado/RL_ExponentialFilter/ExponentialFilter/ProgettoRetiLogiche.srcs/sources_1/new/FF_D_N.vhd:32]
INFO: [Synth 8-3491] module 'FF_D' declared at 'C:/Users/utente/Desktop/Progetto_Vivado/RL_ExponentialFilter/ExponentialFilter/ProgettoRetiLogiche.srcs/sources_1/new/FF_D.vhd:4' bound to instance 'FF_D_i' of component 'FF_D' [C:/Users/utente/Desktop/Progetto_Vivado/RL_ExponentialFilter/ExponentialFilter/ProgettoRetiLogiche.srcs/sources_1/new/FF_D_N.vhd:32]
INFO: [Synth 8-3491] module 'FF_D' declared at 'C:/Users/utente/Desktop/Progetto_Vivado/RL_ExponentialFilter/ExponentialFilter/ProgettoRetiLogiche.srcs/sources_1/new/FF_D.vhd:4' bound to instance 'FF_D_i' of component 'FF_D' [C:/Users/utente/Desktop/Progetto_Vivado/RL_ExponentialFilter/ExponentialFilter/ProgettoRetiLogiche.srcs/sources_1/new/FF_D_N.vhd:32]
INFO: [Synth 8-3491] module 'FF_D' declared at 'C:/Users/utente/Desktop/Progetto_Vivado/RL_ExponentialFilter/ExponentialFilter/ProgettoRetiLogiche.srcs/sources_1/new/FF_D.vhd:4' bound to instance 'FF_D_i' of component 'FF_D' [C:/Users/utente/Desktop/Progetto_Vivado/RL_ExponentialFilter/ExponentialFilter/ProgettoRetiLogiche.srcs/sources_1/new/FF_D_N.vhd:32]
INFO: [Synth 8-3491] module 'FF_D' declared at 'C:/Users/utente/Desktop/Progetto_Vivado/RL_ExponentialFilter/ExponentialFilter/ProgettoRetiLogiche.srcs/sources_1/new/FF_D.vhd:4' bound to instance 'FF_D_i' of component 'FF_D' [C:/Users/utente/Desktop/Progetto_Vivado/RL_ExponentialFilter/ExponentialFilter/ProgettoRetiLogiche.srcs/sources_1/new/FF_D_N.vhd:32]
INFO: [Synth 8-3491] module 'FF_D' declared at 'C:/Users/utente/Desktop/Progetto_Vivado/RL_ExponentialFilter/ExponentialFilter/ProgettoRetiLogiche.srcs/sources_1/new/FF_D.vhd:4' bound to instance 'FF_D_i' of component 'FF_D' [C:/Users/utente/Desktop/Progetto_Vivado/RL_ExponentialFilter/ExponentialFilter/ProgettoRetiLogiche.srcs/sources_1/new/FF_D_N.vhd:32]
INFO: [Synth 8-3491] module 'FF_D' declared at 'C:/Users/utente/Desktop/Progetto_Vivado/RL_ExponentialFilter/ExponentialFilter/ProgettoRetiLogiche.srcs/sources_1/new/FF_D.vhd:4' bound to instance 'FF_D_i' of component 'FF_D' [C:/Users/utente/Desktop/Progetto_Vivado/RL_ExponentialFilter/ExponentialFilter/ProgettoRetiLogiche.srcs/sources_1/new/FF_D_N.vhd:32]
INFO: [Synth 8-3491] module 'FF_D' declared at 'C:/Users/utente/Desktop/Progetto_Vivado/RL_ExponentialFilter/ExponentialFilter/ProgettoRetiLogiche.srcs/sources_1/new/FF_D.vhd:4' bound to instance 'FF_D_i' of component 'FF_D' [C:/Users/utente/Desktop/Progetto_Vivado/RL_ExponentialFilter/ExponentialFilter/ProgettoRetiLogiche.srcs/sources_1/new/FF_D_N.vhd:32]
INFO: [Synth 8-3491] module 'FF_D' declared at 'C:/Users/utente/Desktop/Progetto_Vivado/RL_ExponentialFilter/ExponentialFilter/ProgettoRetiLogiche.srcs/sources_1/new/FF_D.vhd:4' bound to instance 'FF_D_i' of component 'FF_D' [C:/Users/utente/Desktop/Progetto_Vivado/RL_ExponentialFilter/ExponentialFilter/ProgettoRetiLogiche.srcs/sources_1/new/FF_D_N.vhd:32]
INFO: [Synth 8-3491] module 'FF_D' declared at 'C:/Users/utente/Desktop/Progetto_Vivado/RL_ExponentialFilter/ExponentialFilter/ProgettoRetiLogiche.srcs/sources_1/new/FF_D.vhd:4' bound to instance 'FF_D_i' of component 'FF_D' [C:/Users/utente/Desktop/Progetto_Vivado/RL_ExponentialFilter/ExponentialFilter/ProgettoRetiLogiche.srcs/sources_1/new/FF_D_N.vhd:32]
INFO: [Synth 8-3491] module 'FF_D' declared at 'C:/Users/utente/Desktop/Progetto_Vivado/RL_ExponentialFilter/ExponentialFilter/ProgettoRetiLogiche.srcs/sources_1/new/FF_D.vhd:4' bound to instance 'FF_D_i' of component 'FF_D' [C:/Users/utente/Desktop/Progetto_Vivado/RL_ExponentialFilter/ExponentialFilter/ProgettoRetiLogiche.srcs/sources_1/new/FF_D_N.vhd:32]
INFO: [Synth 8-3491] module 'FF_D' declared at 'C:/Users/utente/Desktop/Progetto_Vivado/RL_ExponentialFilter/ExponentialFilter/ProgettoRetiLogiche.srcs/sources_1/new/FF_D.vhd:4' bound to instance 'FF_D_i' of component 'FF_D' [C:/Users/utente/Desktop/Progetto_Vivado/RL_ExponentialFilter/ExponentialFilter/ProgettoRetiLogiche.srcs/sources_1/new/FF_D_N.vhd:32]
INFO: [Synth 8-3491] module 'FF_D' declared at 'C:/Users/utente/Desktop/Progetto_Vivado/RL_ExponentialFilter/ExponentialFilter/ProgettoRetiLogiche.srcs/sources_1/new/FF_D.vhd:4' bound to instance 'FF_D_i' of component 'FF_D' [C:/Users/utente/Desktop/Progetto_Vivado/RL_ExponentialFilter/ExponentialFilter/ProgettoRetiLogiche.srcs/sources_1/new/FF_D_N.vhd:32]
INFO: [Synth 8-3491] module 'FF_D' declared at 'C:/Users/utente/Desktop/Progetto_Vivado/RL_ExponentialFilter/ExponentialFilter/ProgettoRetiLogiche.srcs/sources_1/new/FF_D.vhd:4' bound to instance 'FF_D_i' of component 'FF_D' [C:/Users/utente/Desktop/Progetto_Vivado/RL_ExponentialFilter/ExponentialFilter/ProgettoRetiLogiche.srcs/sources_1/new/FF_D_N.vhd:32]
INFO: [Synth 8-3491] module 'FF_D' declared at 'C:/Users/utente/Desktop/Progetto_Vivado/RL_ExponentialFilter/ExponentialFilter/ProgettoRetiLogiche.srcs/sources_1/new/FF_D.vhd:4' bound to instance 'FF_D_i' of component 'FF_D' [C:/Users/utente/Desktop/Progetto_Vivado/RL_ExponentialFilter/ExponentialFilter/ProgettoRetiLogiche.srcs/sources_1/new/FF_D_N.vhd:32]
INFO: [Synth 8-3491] module 'FF_D' declared at 'C:/Users/utente/Desktop/Progetto_Vivado/RL_ExponentialFilter/ExponentialFilter/ProgettoRetiLogiche.srcs/sources_1/new/FF_D.vhd:4' bound to instance 'FF_D_i' of component 'FF_D' [C:/Users/utente/Desktop/Progetto_Vivado/RL_ExponentialFilter/ExponentialFilter/ProgettoRetiLogiche.srcs/sources_1/new/FF_D_N.vhd:32]
INFO: [Synth 8-3491] module 'FF_D' declared at 'C:/Users/utente/Desktop/Progetto_Vivado/RL_ExponentialFilter/ExponentialFilter/ProgettoRetiLogiche.srcs/sources_1/new/FF_D.vhd:4' bound to instance 'FF_D_i' of component 'FF_D' [C:/Users/utente/Desktop/Progetto_Vivado/RL_ExponentialFilter/ExponentialFilter/ProgettoRetiLogiche.srcs/sources_1/new/FF_D_N.vhd:32]
INFO: [Synth 8-3491] module 'FF_D' declared at 'C:/Users/utente/Desktop/Progetto_Vivado/RL_ExponentialFilter/ExponentialFilter/ProgettoRetiLogiche.srcs/sources_1/new/FF_D.vhd:4' bound to instance 'FF_D_i' of component 'FF_D' [C:/Users/utente/Desktop/Progetto_Vivado/RL_ExponentialFilter/ExponentialFilter/ProgettoRetiLogiche.srcs/sources_1/new/FF_D_N.vhd:32]
INFO: [Synth 8-3491] module 'FF_D' declared at 'C:/Users/utente/Desktop/Progetto_Vivado/RL_ExponentialFilter/ExponentialFilter/ProgettoRetiLogiche.srcs/sources_1/new/FF_D.vhd:4' bound to instance 'FF_D_i' of component 'FF_D' [C:/Users/utente/Desktop/Progetto_Vivado/RL_ExponentialFilter/ExponentialFilter/ProgettoRetiLogiche.srcs/sources_1/new/FF_D_N.vhd:32]
INFO: [Synth 8-3491] module 'FF_D' declared at 'C:/Users/utente/Desktop/Progetto_Vivado/RL_ExponentialFilter/ExponentialFilter/ProgettoRetiLogiche.srcs/sources_1/new/FF_D.vhd:4' bound to instance 'FF_D_i' of component 'FF_D' [C:/Users/utente/Desktop/Progetto_Vivado/RL_ExponentialFilter/ExponentialFilter/ProgettoRetiLogiche.srcs/sources_1/new/FF_D_N.vhd:32]
INFO: [Synth 8-3491] module 'FF_D' declared at 'C:/Users/utente/Desktop/Progetto_Vivado/RL_ExponentialFilter/ExponentialFilter/ProgettoRetiLogiche.srcs/sources_1/new/FF_D.vhd:4' bound to instance 'FF_D_i' of component 'FF_D' [C:/Users/utente/Desktop/Progetto_Vivado/RL_ExponentialFilter/ExponentialFilter/ProgettoRetiLogiche.srcs/sources_1/new/FF_D_N.vhd:32]
INFO: [Synth 8-3491] module 'FF_D' declared at 'C:/Users/utente/Desktop/Progetto_Vivado/RL_ExponentialFilter/ExponentialFilter/ProgettoRetiLogiche.srcs/sources_1/new/FF_D.vhd:4' bound to instance 'FF_D_i' of component 'FF_D' [C:/Users/utente/Desktop/Progetto_Vivado/RL_ExponentialFilter/ExponentialFilter/ProgettoRetiLogiche.srcs/sources_1/new/FF_D_N.vhd:32]
INFO: [Synth 8-3491] module 'FF_D' declared at 'C:/Users/utente/Desktop/Progetto_Vivado/RL_ExponentialFilter/ExponentialFilter/ProgettoRetiLogiche.srcs/sources_1/new/FF_D.vhd:4' bound to instance 'FF_D_i' of component 'FF_D' [C:/Users/utente/Desktop/Progetto_Vivado/RL_ExponentialFilter/ExponentialFilter/ProgettoRetiLogiche.srcs/sources_1/new/FF_D_N.vhd:32]
INFO: [Synth 8-3491] module 'FF_D' declared at 'C:/Users/utente/Desktop/Progetto_Vivado/RL_ExponentialFilter/ExponentialFilter/ProgettoRetiLogiche.srcs/sources_1/new/FF_D.vhd:4' bound to instance 'FF_D_i' of component 'FF_D' [C:/Users/utente/Desktop/Progetto_Vivado/RL_ExponentialFilter/ExponentialFilter/ProgettoRetiLogiche.srcs/sources_1/new/FF_D_N.vhd:32]
INFO: [Synth 8-3491] module 'FF_D' declared at 'C:/Users/utente/Desktop/Progetto_Vivado/RL_ExponentialFilter/ExponentialFilter/ProgettoRetiLogiche.srcs/sources_1/new/FF_D.vhd:4' bound to instance 'FF_D_i' of component 'FF_D' [C:/Users/utente/Desktop/Progetto_Vivado/RL_ExponentialFilter/ExponentialFilter/ProgettoRetiLogiche.srcs/sources_1/new/FF_D_N.vhd:32]
INFO: [Synth 8-3491] module 'FF_D' declared at 'C:/Users/utente/Desktop/Progetto_Vivado/RL_ExponentialFilter/ExponentialFilter/ProgettoRetiLogiche.srcs/sources_1/new/FF_D.vhd:4' bound to instance 'FF_D_i' of component 'FF_D' [C:/Users/utente/Desktop/Progetto_Vivado/RL_ExponentialFilter/ExponentialFilter/ProgettoRetiLogiche.srcs/sources_1/new/FF_D_N.vhd:32]
INFO: [Synth 8-3491] module 'FF_D' declared at 'C:/Users/utente/Desktop/Progetto_Vivado/RL_ExponentialFilter/ExponentialFilter/ProgettoRetiLogiche.srcs/sources_1/new/FF_D.vhd:4' bound to instance 'FF_D_i' of component 'FF_D' [C:/Users/utente/Desktop/Progetto_Vivado/RL_ExponentialFilter/ExponentialFilter/ProgettoRetiLogiche.srcs/sources_1/new/FF_D_N.vhd:32]
INFO: [Synth 8-256] done synthesizing module 'FF_D_N' (0#1) [C:/Users/utente/Desktop/Progetto_Vivado/RL_ExponentialFilter/ExponentialFilter/ProgettoRetiLogiche.srcs/sources_1/new/FF_D_N.vhd:17]
INFO: [Synth 8-638] synthesizing module 'FF_D_N__parameterized0' [C:/Users/utente/Desktop/Progetto_Vivado/RL_ExponentialFilter/ExponentialFilter/ProgettoRetiLogiche.srcs/sources_1/new/FF_D_N.vhd:17]
	Parameter N bound to: 3 - type: integer 
INFO: [Synth 8-3491] module 'FF_D' declared at 'C:/Users/utente/Desktop/Progetto_Vivado/RL_ExponentialFilter/ExponentialFilter/ProgettoRetiLogiche.srcs/sources_1/new/FF_D.vhd:4' bound to instance 'FF_D_i' of component 'FF_D' [C:/Users/utente/Desktop/Progetto_Vivado/RL_ExponentialFilter/ExponentialFilter/ProgettoRetiLogiche.srcs/sources_1/new/FF_D_N.vhd:32]
INFO: [Synth 8-3491] module 'FF_D' declared at 'C:/Users/utente/Desktop/Progetto_Vivado/RL_ExponentialFilter/ExponentialFilter/ProgettoRetiLogiche.srcs/sources_1/new/FF_D.vhd:4' bound to instance 'FF_D_i' of component 'FF_D' [C:/Users/utente/Desktop/Progetto_Vivado/RL_ExponentialFilter/ExponentialFilter/ProgettoRetiLogiche.srcs/sources_1/new/FF_D_N.vhd:32]
INFO: [Synth 8-3491] module 'FF_D' declared at 'C:/Users/utente/Desktop/Progetto_Vivado/RL_ExponentialFilter/ExponentialFilter/ProgettoRetiLogiche.srcs/sources_1/new/FF_D.vhd:4' bound to instance 'FF_D_i' of component 'FF_D' [C:/Users/utente/Desktop/Progetto_Vivado/RL_ExponentialFilter/ExponentialFilter/ProgettoRetiLogiche.srcs/sources_1/new/FF_D_N.vhd:32]
INFO: [Synth 8-256] done synthesizing module 'FF_D_N__parameterized0' (0#1) [C:/Users/utente/Desktop/Progetto_Vivado/RL_ExponentialFilter/ExponentialFilter/ProgettoRetiLogiche.srcs/sources_1/new/FF_D_N.vhd:17]
INFO: [Synth 8-3491] module 'BARREL_SHIFTER' declared at 'C:/Users/utente/Desktop/Progetto_Vivado/RL_ExponentialFilter/ExponentialFilter/ProgettoRetiLogiche.srcs/sources_1/new/BARREL_SHIFTER.vhd:4' bound to instance 'SRL_Y_2' of component 'BARREL_SHIFTER' [C:/Users/utente/Desktop/Progetto_Vivado/RL_ExponentialFilter/ExponentialFilter/ProgettoRetiLogiche.srcs/sources_1/new/FILTRO_ESPONENZIALE.vhd:69]
INFO: [Synth 8-638] synthesizing module 'BARREL_SHIFTER' [C:/Users/utente/Desktop/Progetto_Vivado/RL_ExponentialFilter/ExponentialFilter/ProgettoRetiLogiche.srcs/sources_1/new/BARREL_SHIFTER.vhd:12]
INFO: [Synth 8-256] done synthesizing module 'BARREL_SHIFTER' (0#1) [C:/Users/utente/Desktop/Progetto_Vivado/RL_ExponentialFilter/ExponentialFilter/ProgettoRetiLogiche.srcs/sources_1/new/BARREL_SHIFTER.vhd:12]
INFO: [Synth 8-3491] module 'BARREL_SHIFTER' declared at 'C:/Users/utente/Desktop/Progetto_Vivado/RL_ExponentialFilter/ExponentialFilter/ProgettoRetiLogiche.srcs/sources_1/new/BARREL_SHIFTER.vhd:4' bound to instance 'SRL_Y_1' of component 'BARREL_SHIFTER' [C:/Users/utente/Desktop/Progetto_Vivado/RL_ExponentialFilter/ExponentialFilter/ProgettoRetiLogiche.srcs/sources_1/new/FILTRO_ESPONENZIALE.vhd:70]
INFO: [Synth 8-3491] module 'BARREL_SHIFTER' declared at 'C:/Users/utente/Desktop/Progetto_Vivado/RL_ExponentialFilter/ExponentialFilter/ProgettoRetiLogiche.srcs/sources_1/new/BARREL_SHIFTER.vhd:4' bound to instance 'SRL_X' of component 'BARREL_SHIFTER' [C:/Users/utente/Desktop/Progetto_Vivado/RL_ExponentialFilter/ExponentialFilter/ProgettoRetiLogiche.srcs/sources_1/new/FILTRO_ESPONENZIALE.vhd:71]
INFO: [Synth 8-3491] module 'SUM' declared at 'C:/Users/utente/Desktop/Progetto_Vivado/RL_ExponentialFilter/ExponentialFilter/ProgettoRetiLogiche.srcs/sources_1/new/SUM.vhd:4' bound to instance 'FIRST_SUM' of component 'SUM' [C:/Users/utente/Desktop/Progetto_Vivado/RL_ExponentialFilter/ExponentialFilter/ProgettoRetiLogiche.srcs/sources_1/new/FILTRO_ESPONENZIALE.vhd:72]
INFO: [Synth 8-638] synthesizing module 'SUM' [C:/Users/utente/Desktop/Progetto_Vivado/RL_ExponentialFilter/ExponentialFilter/ProgettoRetiLogiche.srcs/sources_1/new/SUM.vhd:13]
INFO: [Synth 8-3491] module 'FA' declared at 'C:/Users/utente/Desktop/Progetto_Vivado/RL_ExponentialFilter/ExponentialFilter/ProgettoRetiLogiche.srcs/sources_1/new/FA.vhd:4' bound to instance 'CSA_FA' of component 'FA' [C:/Users/utente/Desktop/Progetto_Vivado/RL_ExponentialFilter/ExponentialFilter/ProgettoRetiLogiche.srcs/sources_1/new/SUM.vhd:49]
INFO: [Synth 8-638] synthesizing module 'FA' [C:/Users/utente/Desktop/Progetto_Vivado/RL_ExponentialFilter/ExponentialFilter/ProgettoRetiLogiche.srcs/sources_1/new/FA.vhd:14]
INFO: [Synth 8-256] done synthesizing module 'FA' (0#1) [C:/Users/utente/Desktop/Progetto_Vivado/RL_ExponentialFilter/ExponentialFilter/ProgettoRetiLogiche.srcs/sources_1/new/FA.vhd:14]
INFO: [Synth 8-3491] module 'FA' declared at 'C:/Users/utente/Desktop/Progetto_Vivado/RL_ExponentialFilter/ExponentialFilter/ProgettoRetiLogiche.srcs/sources_1/new/FA.vhd:4' bound to instance 'CSA_FA' of component 'FA' [C:/Users/utente/Desktop/Progetto_Vivado/RL_ExponentialFilter/ExponentialFilter/ProgettoRetiLogiche.srcs/sources_1/new/SUM.vhd:49]
INFO: [Synth 8-3491] module 'FA' declared at 'C:/Users/utente/Desktop/Progetto_Vivado/RL_ExponentialFilter/ExponentialFilter/ProgettoRetiLogiche.srcs/sources_1/new/FA.vhd:4' bound to instance 'CSA_FA' of component 'FA' [C:/Users/utente/Desktop/Progetto_Vivado/RL_ExponentialFilter/ExponentialFilter/ProgettoRetiLogiche.srcs/sources_1/new/SUM.vhd:49]
INFO: [Synth 8-3491] module 'FA' declared at 'C:/Users/utente/Desktop/Progetto_Vivado/RL_ExponentialFilter/ExponentialFilter/ProgettoRetiLogiche.srcs/sources_1/new/FA.vhd:4' bound to instance 'CSA_FA' of component 'FA' [C:/Users/utente/Desktop/Progetto_Vivado/RL_ExponentialFilter/ExponentialFilter/ProgettoRetiLogiche.srcs/sources_1/new/SUM.vhd:49]
INFO: [Synth 8-3491] module 'FA' declared at 'C:/Users/utente/Desktop/Progetto_Vivado/RL_ExponentialFilter/ExponentialFilter/ProgettoRetiLogiche.srcs/sources_1/new/FA.vhd:4' bound to instance 'CSA_FA' of component 'FA' [C:/Users/utente/Desktop/Progetto_Vivado/RL_ExponentialFilter/ExponentialFilter/ProgettoRetiLogiche.srcs/sources_1/new/SUM.vhd:49]
INFO: [Synth 8-3491] module 'FA' declared at 'C:/Users/utente/Desktop/Progetto_Vivado/RL_ExponentialFilter/ExponentialFilter/ProgettoRetiLogiche.srcs/sources_1/new/FA.vhd:4' bound to instance 'CSA_FA' of component 'FA' [C:/Users/utente/Desktop/Progetto_Vivado/RL_ExponentialFilter/ExponentialFilter/ProgettoRetiLogiche.srcs/sources_1/new/SUM.vhd:49]
INFO: [Synth 8-3491] module 'FA' declared at 'C:/Users/utente/Desktop/Progetto_Vivado/RL_ExponentialFilter/ExponentialFilter/ProgettoRetiLogiche.srcs/sources_1/new/FA.vhd:4' bound to instance 'CSA_FA' of component 'FA' [C:/Users/utente/Desktop/Progetto_Vivado/RL_ExponentialFilter/ExponentialFilter/ProgettoRetiLogiche.srcs/sources_1/new/SUM.vhd:49]
INFO: [Synth 8-3491] module 'FA' declared at 'C:/Users/utente/Desktop/Progetto_Vivado/RL_ExponentialFilter/ExponentialFilter/ProgettoRetiLogiche.srcs/sources_1/new/FA.vhd:4' bound to instance 'CSA_FA' of component 'FA' [C:/Users/utente/Desktop/Progetto_Vivado/RL_ExponentialFilter/ExponentialFilter/ProgettoRetiLogiche.srcs/sources_1/new/SUM.vhd:49]
INFO: [Synth 8-3491] module 'FA' declared at 'C:/Users/utente/Desktop/Progetto_Vivado/RL_ExponentialFilter/ExponentialFilter/ProgettoRetiLogiche.srcs/sources_1/new/FA.vhd:4' bound to instance 'CSA_FA' of component 'FA' [C:/Users/utente/Desktop/Progetto_Vivado/RL_ExponentialFilter/ExponentialFilter/ProgettoRetiLogiche.srcs/sources_1/new/SUM.vhd:49]
INFO: [Synth 8-3491] module 'FA' declared at 'C:/Users/utente/Desktop/Progetto_Vivado/RL_ExponentialFilter/ExponentialFilter/ProgettoRetiLogiche.srcs/sources_1/new/FA.vhd:4' bound to instance 'CSA_FA' of component 'FA' [C:/Users/utente/Desktop/Progetto_Vivado/RL_ExponentialFilter/ExponentialFilter/ProgettoRetiLogiche.srcs/sources_1/new/SUM.vhd:49]
INFO: [Synth 8-3491] module 'FA' declared at 'C:/Users/utente/Desktop/Progetto_Vivado/RL_ExponentialFilter/ExponentialFilter/ProgettoRetiLogiche.srcs/sources_1/new/FA.vhd:4' bound to instance 'CSA_FA' of component 'FA' [C:/Users/utente/Desktop/Progetto_Vivado/RL_ExponentialFilter/ExponentialFilter/ProgettoRetiLogiche.srcs/sources_1/new/SUM.vhd:49]
INFO: [Synth 8-3491] module 'FA' declared at 'C:/Users/utente/Desktop/Progetto_Vivado/RL_ExponentialFilter/ExponentialFilter/ProgettoRetiLogiche.srcs/sources_1/new/FA.vhd:4' bound to instance 'CSA_FA' of component 'FA' [C:/Users/utente/Desktop/Progetto_Vivado/RL_ExponentialFilter/ExponentialFilter/ProgettoRetiLogiche.srcs/sources_1/new/SUM.vhd:49]
INFO: [Synth 8-3491] module 'FA' declared at 'C:/Users/utente/Desktop/Progetto_Vivado/RL_ExponentialFilter/ExponentialFilter/ProgettoRetiLogiche.srcs/sources_1/new/FA.vhd:4' bound to instance 'CSA_FA' of component 'FA' [C:/Users/utente/Desktop/Progetto_Vivado/RL_ExponentialFilter/ExponentialFilter/ProgettoRetiLogiche.srcs/sources_1/new/SUM.vhd:49]
INFO: [Synth 8-3491] module 'FA' declared at 'C:/Users/utente/Desktop/Progetto_Vivado/RL_ExponentialFilter/ExponentialFilter/ProgettoRetiLogiche.srcs/sources_1/new/FA.vhd:4' bound to instance 'CSA_FA' of component 'FA' [C:/Users/utente/Desktop/Progetto_Vivado/RL_ExponentialFilter/ExponentialFilter/ProgettoRetiLogiche.srcs/sources_1/new/SUM.vhd:49]
INFO: [Synth 8-3491] module 'FA' declared at 'C:/Users/utente/Desktop/Progetto_Vivado/RL_ExponentialFilter/ExponentialFilter/ProgettoRetiLogiche.srcs/sources_1/new/FA.vhd:4' bound to instance 'CSA_FA' of component 'FA' [C:/Users/utente/Desktop/Progetto_Vivado/RL_ExponentialFilter/ExponentialFilter/ProgettoRetiLogiche.srcs/sources_1/new/SUM.vhd:49]
INFO: [Synth 8-3491] module 'FA' declared at 'C:/Users/utente/Desktop/Progetto_Vivado/RL_ExponentialFilter/ExponentialFilter/ProgettoRetiLogiche.srcs/sources_1/new/FA.vhd:4' bound to instance 'CSA_FA' of component 'FA' [C:/Users/utente/Desktop/Progetto_Vivado/RL_ExponentialFilter/ExponentialFilter/ProgettoRetiLogiche.srcs/sources_1/new/SUM.vhd:49]
INFO: [Synth 8-3491] module 'FA' declared at 'C:/Users/utente/Desktop/Progetto_Vivado/RL_ExponentialFilter/ExponentialFilter/ProgettoRetiLogiche.srcs/sources_1/new/FA.vhd:4' bound to instance 'CSA_FA' of component 'FA' [C:/Users/utente/Desktop/Progetto_Vivado/RL_ExponentialFilter/ExponentialFilter/ProgettoRetiLogiche.srcs/sources_1/new/SUM.vhd:49]
INFO: [Synth 8-3491] module 'FA' declared at 'C:/Users/utente/Desktop/Progetto_Vivado/RL_ExponentialFilter/ExponentialFilter/ProgettoRetiLogiche.srcs/sources_1/new/FA.vhd:4' bound to instance 'CSA_FA' of component 'FA' [C:/Users/utente/Desktop/Progetto_Vivado/RL_ExponentialFilter/ExponentialFilter/ProgettoRetiLogiche.srcs/sources_1/new/SUM.vhd:49]
INFO: [Synth 8-3491] module 'FA' declared at 'C:/Users/utente/Desktop/Progetto_Vivado/RL_ExponentialFilter/ExponentialFilter/ProgettoRetiLogiche.srcs/sources_1/new/FA.vhd:4' bound to instance 'CSA_FA' of component 'FA' [C:/Users/utente/Desktop/Progetto_Vivado/RL_ExponentialFilter/ExponentialFilter/ProgettoRetiLogiche.srcs/sources_1/new/SUM.vhd:49]
INFO: [Synth 8-3491] module 'FA' declared at 'C:/Users/utente/Desktop/Progetto_Vivado/RL_ExponentialFilter/ExponentialFilter/ProgettoRetiLogiche.srcs/sources_1/new/FA.vhd:4' bound to instance 'CSA_FA' of component 'FA' [C:/Users/utente/Desktop/Progetto_Vivado/RL_ExponentialFilter/ExponentialFilter/ProgettoRetiLogiche.srcs/sources_1/new/SUM.vhd:49]
INFO: [Synth 8-3491] module 'FA' declared at 'C:/Users/utente/Desktop/Progetto_Vivado/RL_ExponentialFilter/ExponentialFilter/ProgettoRetiLogiche.srcs/sources_1/new/FA.vhd:4' bound to instance 'CSA_FA' of component 'FA' [C:/Users/utente/Desktop/Progetto_Vivado/RL_ExponentialFilter/ExponentialFilter/ProgettoRetiLogiche.srcs/sources_1/new/SUM.vhd:49]
INFO: [Synth 8-3491] module 'FA' declared at 'C:/Users/utente/Desktop/Progetto_Vivado/RL_ExponentialFilter/ExponentialFilter/ProgettoRetiLogiche.srcs/sources_1/new/FA.vhd:4' bound to instance 'CSA_FA' of component 'FA' [C:/Users/utente/Desktop/Progetto_Vivado/RL_ExponentialFilter/ExponentialFilter/ProgettoRetiLogiche.srcs/sources_1/new/SUM.vhd:49]
INFO: [Synth 8-3491] module 'FA' declared at 'C:/Users/utente/Desktop/Progetto_Vivado/RL_ExponentialFilter/ExponentialFilter/ProgettoRetiLogiche.srcs/sources_1/new/FA.vhd:4' bound to instance 'CSA_FA' of component 'FA' [C:/Users/utente/Desktop/Progetto_Vivado/RL_ExponentialFilter/ExponentialFilter/ProgettoRetiLogiche.srcs/sources_1/new/SUM.vhd:49]
INFO: [Synth 8-3491] module 'FA' declared at 'C:/Users/utente/Desktop/Progetto_Vivado/RL_ExponentialFilter/ExponentialFilter/ProgettoRetiLogiche.srcs/sources_1/new/FA.vhd:4' bound to instance 'CSA_FA' of component 'FA' [C:/Users/utente/Desktop/Progetto_Vivado/RL_ExponentialFilter/ExponentialFilter/ProgettoRetiLogiche.srcs/sources_1/new/SUM.vhd:49]
INFO: [Synth 8-3491] module 'FA' declared at 'C:/Users/utente/Desktop/Progetto_Vivado/RL_ExponentialFilter/ExponentialFilter/ProgettoRetiLogiche.srcs/sources_1/new/FA.vhd:4' bound to instance 'CSA_FA' of component 'FA' [C:/Users/utente/Desktop/Progetto_Vivado/RL_ExponentialFilter/ExponentialFilter/ProgettoRetiLogiche.srcs/sources_1/new/SUM.vhd:49]
INFO: [Synth 8-3491] module 'FA' declared at 'C:/Users/utente/Desktop/Progetto_Vivado/RL_ExponentialFilter/ExponentialFilter/ProgettoRetiLogiche.srcs/sources_1/new/FA.vhd:4' bound to instance 'CSA_FA' of component 'FA' [C:/Users/utente/Desktop/Progetto_Vivado/RL_ExponentialFilter/ExponentialFilter/ProgettoRetiLogiche.srcs/sources_1/new/SUM.vhd:49]
INFO: [Synth 8-3491] module 'FA' declared at 'C:/Users/utente/Desktop/Progetto_Vivado/RL_ExponentialFilter/ExponentialFilter/ProgettoRetiLogiche.srcs/sources_1/new/FA.vhd:4' bound to instance 'CSA_FA' of component 'FA' [C:/Users/utente/Desktop/Progetto_Vivado/RL_ExponentialFilter/ExponentialFilter/ProgettoRetiLogiche.srcs/sources_1/new/SUM.vhd:49]
INFO: [Synth 8-3491] module 'FA' declared at 'C:/Users/utente/Desktop/Progetto_Vivado/RL_ExponentialFilter/ExponentialFilter/ProgettoRetiLogiche.srcs/sources_1/new/FA.vhd:4' bound to instance 'CSA_FA' of component 'FA' [C:/Users/utente/Desktop/Progetto_Vivado/RL_ExponentialFilter/ExponentialFilter/ProgettoRetiLogiche.srcs/sources_1/new/SUM.vhd:49]
INFO: [Synth 8-3491] module 'FA' declared at 'C:/Users/utente/Desktop/Progetto_Vivado/RL_ExponentialFilter/ExponentialFilter/ProgettoRetiLogiche.srcs/sources_1/new/FA.vhd:4' bound to instance 'CSA_FA' of component 'FA' [C:/Users/utente/Desktop/Progetto_Vivado/RL_ExponentialFilter/ExponentialFilter/ProgettoRetiLogiche.srcs/sources_1/new/SUM.vhd:49]
INFO: [Synth 8-3491] module 'FA' declared at 'C:/Users/utente/Desktop/Progetto_Vivado/RL_ExponentialFilter/ExponentialFilter/ProgettoRetiLogiche.srcs/sources_1/new/FA.vhd:4' bound to instance 'CSA_FA' of component 'FA' [C:/Users/utente/Desktop/Progetto_Vivado/RL_ExponentialFilter/ExponentialFilter/ProgettoRetiLogiche.srcs/sources_1/new/SUM.vhd:49]
INFO: [Synth 8-3491] module 'FA' declared at 'C:/Users/utente/Desktop/Progetto_Vivado/RL_ExponentialFilter/ExponentialFilter/ProgettoRetiLogiche.srcs/sources_1/new/FA.vhd:4' bound to instance 'CSA_FA' of component 'FA' [C:/Users/utente/Desktop/Progetto_Vivado/RL_ExponentialFilter/ExponentialFilter/ProgettoRetiLogiche.srcs/sources_1/new/SUM.vhd:49]
INFO: [Synth 8-3491] module 'SIMPLE_SUM' declared at 'C:/Users/utente/Desktop/Progetto_Vivado/RL_ExponentialFilter/ExponentialFilter/ProgettoRetiLogiche.srcs/sources_1/new/SIMPLE_SUM.vhd:4' bound to instance 'CSA_LAST_BIT' of component 'SIMPLE_SUM' [C:/Users/utente/Desktop/Progetto_Vivado/RL_ExponentialFilter/ExponentialFilter/ProgettoRetiLogiche.srcs/sources_1/new/SUM.vhd:52]
INFO: [Synth 8-638] synthesizing module 'SIMPLE_SUM' [C:/Users/utente/Desktop/Progetto_Vivado/RL_ExponentialFilter/ExponentialFilter/ProgettoRetiLogiche.srcs/sources_1/new/SIMPLE_SUM.vhd:13]
INFO: [Synth 8-256] done synthesizing module 'SIMPLE_SUM' (0#1) [C:/Users/utente/Desktop/Progetto_Vivado/RL_ExponentialFilter/ExponentialFilter/ProgettoRetiLogiche.srcs/sources_1/new/SIMPLE_SUM.vhd:13]
INFO: [Synth 8-3491] module 'FA' declared at 'C:/Users/utente/Desktop/Progetto_Vivado/RL_ExponentialFilter/ExponentialFilter/ProgettoRetiLogiche.srcs/sources_1/new/FA.vhd:4' bound to instance 'RCA_FA' of component 'FA' [C:/Users/utente/Desktop/Progetto_Vivado/RL_ExponentialFilter/ExponentialFilter/ProgettoRetiLogiche.srcs/sources_1/new/SUM.vhd:62]
INFO: [Synth 8-3491] module 'FA' declared at 'C:/Users/utente/Desktop/Progetto_Vivado/RL_ExponentialFilter/ExponentialFilter/ProgettoRetiLogiche.srcs/sources_1/new/FA.vhd:4' bound to instance 'RCA_FA' of component 'FA' [C:/Users/utente/Desktop/Progetto_Vivado/RL_ExponentialFilter/ExponentialFilter/ProgettoRetiLogiche.srcs/sources_1/new/SUM.vhd:62]
INFO: [Synth 8-3491] module 'FA' declared at 'C:/Users/utente/Desktop/Progetto_Vivado/RL_ExponentialFilter/ExponentialFilter/ProgettoRetiLogiche.srcs/sources_1/new/FA.vhd:4' bound to instance 'RCA_FA' of component 'FA' [C:/Users/utente/Desktop/Progetto_Vivado/RL_ExponentialFilter/ExponentialFilter/ProgettoRetiLogiche.srcs/sources_1/new/SUM.vhd:62]
INFO: [Synth 8-3491] module 'FA' declared at 'C:/Users/utente/Desktop/Progetto_Vivado/RL_ExponentialFilter/ExponentialFilter/ProgettoRetiLogiche.srcs/sources_1/new/FA.vhd:4' bound to instance 'RCA_FA' of component 'FA' [C:/Users/utente/Desktop/Progetto_Vivado/RL_ExponentialFilter/ExponentialFilter/ProgettoRetiLogiche.srcs/sources_1/new/SUM.vhd:62]
INFO: [Synth 8-3491] module 'FA' declared at 'C:/Users/utente/Desktop/Progetto_Vivado/RL_ExponentialFilter/ExponentialFilter/ProgettoRetiLogiche.srcs/sources_1/new/FA.vhd:4' bound to instance 'RCA_FA' of component 'FA' [C:/Users/utente/Desktop/Progetto_Vivado/RL_ExponentialFilter/ExponentialFilter/ProgettoRetiLogiche.srcs/sources_1/new/SUM.vhd:62]
INFO: [Synth 8-3491] module 'FA' declared at 'C:/Users/utente/Desktop/Progetto_Vivado/RL_ExponentialFilter/ExponentialFilter/ProgettoRetiLogiche.srcs/sources_1/new/FA.vhd:4' bound to instance 'RCA_FA' of component 'FA' [C:/Users/utente/Desktop/Progetto_Vivado/RL_ExponentialFilter/ExponentialFilter/ProgettoRetiLogiche.srcs/sources_1/new/SUM.vhd:62]
INFO: [Synth 8-3491] module 'FA' declared at 'C:/Users/utente/Desktop/Progetto_Vivado/RL_ExponentialFilter/ExponentialFilter/ProgettoRetiLogiche.srcs/sources_1/new/FA.vhd:4' bound to instance 'RCA_FA' of component 'FA' [C:/Users/utente/Desktop/Progetto_Vivado/RL_ExponentialFilter/ExponentialFilter/ProgettoRetiLogiche.srcs/sources_1/new/SUM.vhd:62]
INFO: [Synth 8-3491] module 'FA' declared at 'C:/Users/utente/Desktop/Progetto_Vivado/RL_ExponentialFilter/ExponentialFilter/ProgettoRetiLogiche.srcs/sources_1/new/FA.vhd:4' bound to instance 'RCA_FA' of component 'FA' [C:/Users/utente/Desktop/Progetto_Vivado/RL_ExponentialFilter/ExponentialFilter/ProgettoRetiLogiche.srcs/sources_1/new/SUM.vhd:62]
INFO: [Synth 8-3491] module 'FA' declared at 'C:/Users/utente/Desktop/Progetto_Vivado/RL_ExponentialFilter/ExponentialFilter/ProgettoRetiLogiche.srcs/sources_1/new/FA.vhd:4' bound to instance 'RCA_FA' of component 'FA' [C:/Users/utente/Desktop/Progetto_Vivado/RL_ExponentialFilter/ExponentialFilter/ProgettoRetiLogiche.srcs/sources_1/new/SUM.vhd:62]
INFO: [Synth 8-3491] module 'FA' declared at 'C:/Users/utente/Desktop/Progetto_Vivado/RL_ExponentialFilter/ExponentialFilter/ProgettoRetiLogiche.srcs/sources_1/new/FA.vhd:4' bound to instance 'RCA_FA' of component 'FA' [C:/Users/utente/Desktop/Progetto_Vivado/RL_ExponentialFilter/ExponentialFilter/ProgettoRetiLogiche.srcs/sources_1/new/SUM.vhd:62]
INFO: [Synth 8-3491] module 'FA' declared at 'C:/Users/utente/Desktop/Progetto_Vivado/RL_ExponentialFilter/ExponentialFilter/ProgettoRetiLogiche.srcs/sources_1/new/FA.vhd:4' bound to instance 'RCA_FA' of component 'FA' [C:/Users/utente/Desktop/Progetto_Vivado/RL_ExponentialFilter/ExponentialFilter/ProgettoRetiLogiche.srcs/sources_1/new/SUM.vhd:62]
INFO: [Synth 8-3491] module 'FA' declared at 'C:/Users/utente/Desktop/Progetto_Vivado/RL_ExponentialFilter/ExponentialFilter/ProgettoRetiLogiche.srcs/sources_1/new/FA.vhd:4' bound to instance 'RCA_FA' of component 'FA' [C:/Users/utente/Desktop/Progetto_Vivado/RL_ExponentialFilter/ExponentialFilter/ProgettoRetiLogiche.srcs/sources_1/new/SUM.vhd:62]
INFO: [Synth 8-3491] module 'FA' declared at 'C:/Users/utente/Desktop/Progetto_Vivado/RL_ExponentialFilter/ExponentialFilter/ProgettoRetiLogiche.srcs/sources_1/new/FA.vhd:4' bound to instance 'RCA_FA' of component 'FA' [C:/Users/utente/Desktop/Progetto_Vivado/RL_ExponentialFilter/ExponentialFilter/ProgettoRetiLogiche.srcs/sources_1/new/SUM.vhd:62]
INFO: [Synth 8-3491] module 'FA' declared at 'C:/Users/utente/Desktop/Progetto_Vivado/RL_ExponentialFilter/ExponentialFilter/ProgettoRetiLogiche.srcs/sources_1/new/FA.vhd:4' bound to instance 'RCA_FA' of component 'FA' [C:/Users/utente/Desktop/Progetto_Vivado/RL_ExponentialFilter/ExponentialFilter/ProgettoRetiLogiche.srcs/sources_1/new/SUM.vhd:62]
INFO: [Synth 8-3491] module 'FA' declared at 'C:/Users/utente/Desktop/Progetto_Vivado/RL_ExponentialFilter/ExponentialFilter/ProgettoRetiLogiche.srcs/sources_1/new/FA.vhd:4' bound to instance 'RCA_FA' of component 'FA' [C:/Users/utente/Desktop/Progetto_Vivado/RL_ExponentialFilter/ExponentialFilter/ProgettoRetiLogiche.srcs/sources_1/new/SUM.vhd:62]
INFO: [Synth 8-3491] module 'FA' declared at 'C:/Users/utente/Desktop/Progetto_Vivado/RL_ExponentialFilter/ExponentialFilter/ProgettoRetiLogiche.srcs/sources_1/new/FA.vhd:4' bound to instance 'RCA_FA' of component 'FA' [C:/Users/utente/Desktop/Progetto_Vivado/RL_ExponentialFilter/ExponentialFilter/ProgettoRetiLogiche.srcs/sources_1/new/SUM.vhd:62]
INFO: [Synth 8-3491] module 'FA' declared at 'C:/Users/utente/Desktop/Progetto_Vivado/RL_ExponentialFilter/ExponentialFilter/ProgettoRetiLogiche.srcs/sources_1/new/FA.vhd:4' bound to instance 'RCA_FA' of component 'FA' [C:/Users/utente/Desktop/Progetto_Vivado/RL_ExponentialFilter/ExponentialFilter/ProgettoRetiLogiche.srcs/sources_1/new/SUM.vhd:62]
INFO: [Synth 8-3491] module 'FA' declared at 'C:/Users/utente/Desktop/Progetto_Vivado/RL_ExponentialFilter/ExponentialFilter/ProgettoRetiLogiche.srcs/sources_1/new/FA.vhd:4' bound to instance 'RCA_FA' of component 'FA' [C:/Users/utente/Desktop/Progetto_Vivado/RL_ExponentialFilter/ExponentialFilter/ProgettoRetiLogiche.srcs/sources_1/new/SUM.vhd:62]
INFO: [Synth 8-3491] module 'FA' declared at 'C:/Users/utente/Desktop/Progetto_Vivado/RL_ExponentialFilter/ExponentialFilter/ProgettoRetiLogiche.srcs/sources_1/new/FA.vhd:4' bound to instance 'RCA_FA' of component 'FA' [C:/Users/utente/Desktop/Progetto_Vivado/RL_ExponentialFilter/ExponentialFilter/ProgettoRetiLogiche.srcs/sources_1/new/SUM.vhd:62]
INFO: [Synth 8-3491] module 'FA' declared at 'C:/Users/utente/Desktop/Progetto_Vivado/RL_ExponentialFilter/ExponentialFilter/ProgettoRetiLogiche.srcs/sources_1/new/FA.vhd:4' bound to instance 'RCA_FA' of component 'FA' [C:/Users/utente/Desktop/Progetto_Vivado/RL_ExponentialFilter/ExponentialFilter/ProgettoRetiLogiche.srcs/sources_1/new/SUM.vhd:62]
INFO: [Synth 8-3491] module 'FA' declared at 'C:/Users/utente/Desktop/Progetto_Vivado/RL_ExponentialFilter/ExponentialFilter/ProgettoRetiLogiche.srcs/sources_1/new/FA.vhd:4' bound to instance 'RCA_FA' of component 'FA' [C:/Users/utente/Desktop/Progetto_Vivado/RL_ExponentialFilter/ExponentialFilter/ProgettoRetiLogiche.srcs/sources_1/new/SUM.vhd:62]
INFO: [Synth 8-3491] module 'FA' declared at 'C:/Users/utente/Desktop/Progetto_Vivado/RL_ExponentialFilter/ExponentialFilter/ProgettoRetiLogiche.srcs/sources_1/new/FA.vhd:4' bound to instance 'RCA_FA' of component 'FA' [C:/Users/utente/Desktop/Progetto_Vivado/RL_ExponentialFilter/ExponentialFilter/ProgettoRetiLogiche.srcs/sources_1/new/SUM.vhd:62]
INFO: [Synth 8-3491] module 'FA' declared at 'C:/Users/utente/Desktop/Progetto_Vivado/RL_ExponentialFilter/ExponentialFilter/ProgettoRetiLogiche.srcs/sources_1/new/FA.vhd:4' bound to instance 'RCA_FA' of component 'FA' [C:/Users/utente/Desktop/Progetto_Vivado/RL_ExponentialFilter/ExponentialFilter/ProgettoRetiLogiche.srcs/sources_1/new/SUM.vhd:62]
INFO: [Synth 8-3491] module 'FA' declared at 'C:/Users/utente/Desktop/Progetto_Vivado/RL_ExponentialFilter/ExponentialFilter/ProgettoRetiLogiche.srcs/sources_1/new/FA.vhd:4' bound to instance 'RCA_FA' of component 'FA' [C:/Users/utente/Desktop/Progetto_Vivado/RL_ExponentialFilter/ExponentialFilter/ProgettoRetiLogiche.srcs/sources_1/new/SUM.vhd:62]
INFO: [Synth 8-3491] module 'FA' declared at 'C:/Users/utente/Desktop/Progetto_Vivado/RL_ExponentialFilter/ExponentialFilter/ProgettoRetiLogiche.srcs/sources_1/new/FA.vhd:4' bound to instance 'RCA_FA' of component 'FA' [C:/Users/utente/Desktop/Progetto_Vivado/RL_ExponentialFilter/ExponentialFilter/ProgettoRetiLogiche.srcs/sources_1/new/SUM.vhd:62]
INFO: [Synth 8-3491] module 'FA' declared at 'C:/Users/utente/Desktop/Progetto_Vivado/RL_ExponentialFilter/ExponentialFilter/ProgettoRetiLogiche.srcs/sources_1/new/FA.vhd:4' bound to instance 'RCA_FA' of component 'FA' [C:/Users/utente/Desktop/Progetto_Vivado/RL_ExponentialFilter/ExponentialFilter/ProgettoRetiLogiche.srcs/sources_1/new/SUM.vhd:62]
INFO: [Synth 8-3491] module 'FA' declared at 'C:/Users/utente/Desktop/Progetto_Vivado/RL_ExponentialFilter/ExponentialFilter/ProgettoRetiLogiche.srcs/sources_1/new/FA.vhd:4' bound to instance 'RCA_FA' of component 'FA' [C:/Users/utente/Desktop/Progetto_Vivado/RL_ExponentialFilter/ExponentialFilter/ProgettoRetiLogiche.srcs/sources_1/new/SUM.vhd:62]
INFO: [Synth 8-3491] module 'FA' declared at 'C:/Users/utente/Desktop/Progetto_Vivado/RL_ExponentialFilter/ExponentialFilter/ProgettoRetiLogiche.srcs/sources_1/new/FA.vhd:4' bound to instance 'RCA_FA' of component 'FA' [C:/Users/utente/Desktop/Progetto_Vivado/RL_ExponentialFilter/ExponentialFilter/ProgettoRetiLogiche.srcs/sources_1/new/SUM.vhd:62]
INFO: [Synth 8-3491] module 'FA' declared at 'C:/Users/utente/Desktop/Progetto_Vivado/RL_ExponentialFilter/ExponentialFilter/ProgettoRetiLogiche.srcs/sources_1/new/FA.vhd:4' bound to instance 'RCA_FA' of component 'FA' [C:/Users/utente/Desktop/Progetto_Vivado/RL_ExponentialFilter/ExponentialFilter/ProgettoRetiLogiche.srcs/sources_1/new/SUM.vhd:62]
INFO: [Common 17-14] Message 'Synth 8-3491' appears 100 times and further instances of the messages will be disabled. Use the Tcl command set_msg_config to change the current settings.
INFO: [Synth 8-256] done synthesizing module 'SUM' (0#1) [C:/Users/utente/Desktop/Progetto_Vivado/RL_ExponentialFilter/ExponentialFilter/ProgettoRetiLogiche.srcs/sources_1/new/SUM.vhd:13]
INFO: [Synth 8-256] done synthesizing module 'FILTRO_ESPONENZIALE' (0#1) [C:/Users/utente/Desktop/Progetto_Vivado/RL_ExponentialFilter/ExponentialFilter/ProgettoRetiLogiche.srcs/sources_1/new/FILTRO_ESPONENZIALE.vhd:15]
---------------------------------------------------------------------------------
Finished RTL Elaboration : Time (s): cpu = 00:00:05 ; elapsed = 00:00:07 . Memory (MB): peak = 1129.926 ; gain = 575.059
---------------------------------------------------------------------------------
---------------------------------------------------------------------------------
Start Handling Custom Attributes
---------------------------------------------------------------------------------
---------------------------------------------------------------------------------
Finished Handling Custom Attributes : Time (s): cpu = 00:00:05 ; elapsed = 00:00:07 . Memory (MB): peak = 1129.926 ; gain = 575.059
---------------------------------------------------------------------------------
---------------------------------------------------------------------------------
Finished RTL Optimization Phase 1 : Time (s): cpu = 00:00:05 ; elapsed = 00:00:07 . Memory (MB): peak = 1129.926 ; gain = 575.059
---------------------------------------------------------------------------------
Netlist sorting complete. Time (s): cpu = 00:00:00 ; elapsed = 00:00:00.008 . Memory (MB): peak = 1129.926 ; gain = 0.000
INFO: [Project 1-570] Preparing netlist for logic optimization

Processing XDC Constraints
Initializing timing engine
Parsing XDC File [C:/Users/utente/Desktop/Progetto_Vivado/RL_ExponentialFilter/ExponentialFilter/ProgettoRetiLogiche.srcs/constrs_1/new/CLOCK.xdc]
Finished Parsing XDC File [C:/Users/utente/Desktop/Progetto_Vivado/RL_ExponentialFilter/ExponentialFilter/ProgettoRetiLogiche.srcs/constrs_1/new/CLOCK.xdc]
Completed Processing XDC Constraints

Netlist sorting complete. Time (s): cpu = 00:00:00 ; elapsed = 00:00:00.001 . Memory (MB): peak = 1215.922 ; gain = 0.000
INFO: [Project 1-111] Unisim Transformation Summary:
No Unisim elements were transformed.

Constraint Validation Runtime : Time (s): cpu = 00:00:00 ; elapsed = 00:00:00.024 . Memory (MB): peak = 1215.922 ; gain = 0.000
INFO: [Designutils 20-5440] No compile time benefit to using incremental synthesis; A full resynthesis will be run
INFO: [Designutils 20-4379] Flow is switching to default flow due to incremental criteria not met. If you would like to alter this behaviour and have the flow terminate instead, please set the following parameter config_implementation {autoIncr.Synth.RejectBehavior Terminate}
---------------------------------------------------------------------------------
Finished Constraint Validation : Time (s): cpu = 00:00:13 ; elapsed = 00:00:15 . Memory (MB): peak = 1215.922 ; gain = 661.055
---------------------------------------------------------------------------------
---------------------------------------------------------------------------------
Start Loading Part and Timing Information
---------------------------------------------------------------------------------
Loading part: xc7k70tfbv676-1
---------------------------------------------------------------------------------
Finished Loading Part and Timing Information : Time (s): cpu = 00:00:13 ; elapsed = 00:00:15 . Memory (MB): peak = 1215.922 ; gain = 661.055
---------------------------------------------------------------------------------
---------------------------------------------------------------------------------
Start Applying 'set_property' XDC Constraints
---------------------------------------------------------------------------------
---------------------------------------------------------------------------------
Finished applying 'set_property' XDC Constraints : Time (s): cpu = 00:00:13 ; elapsed = 00:00:15 . Memory (MB): peak = 1215.922 ; gain = 661.055
---------------------------------------------------------------------------------
---------------------------------------------------------------------------------
Finished RTL Optimization Phase 2 : Time (s): cpu = 00:00:13 ; elapsed = 00:00:16 . Memory (MB): peak = 1215.922 ; gain = 661.055
---------------------------------------------------------------------------------
INFO: [Synth 8-223] decloning instance 'REG_Y_1' (FF_D_N) to 'REG_Y'
---------------------------------------------------------------------------------
Start RTL Component Statistics 
---------------------------------------------------------------------------------
Detailed RTL Component Info : 
+---XORs : 
	   3 Input      1 Bit         XORs := 128   
+---Registers : 
	                1 Bit    Registers := 198   
+---Muxes : 
	   2 Input   32 Bit        Muxes := 16    
---------------------------------------------------------------------------------
Finished RTL Component Statistics 
---------------------------------------------------------------------------------
---------------------------------------------------------------------------------
Start Part Resource Summary
---------------------------------------------------------------------------------
Part Resources:
DSPs: 240 (col length:80)
BRAMs: 270 (col length: RAMB18 80 RAMB36 40)
---------------------------------------------------------------------------------
Finished Part Resource Summary
---------------------------------------------------------------------------------
---------------------------------------------------------------------------------
Start Cross Boundary and Area Optimization
---------------------------------------------------------------------------------
WARNING: [Synth 8-7080] Parallel synthesis criteria is not met
---------------------------------------------------------------------------------
Finished Cross Boundary and Area Optimization : Time (s): cpu = 00:00:25 ; elapsed = 00:00:29 . Memory (MB): peak = 1215.922 ; gain = 661.055
---------------------------------------------------------------------------------
---------------------------------------------------------------------------------
Start Applying XDC Timing Constraints
---------------------------------------------------------------------------------
---------------------------------------------------------------------------------
Finished Applying XDC Timing Constraints : Time (s): cpu = 00:00:31 ; elapsed = 00:00:35 . Memory (MB): peak = 1332.574 ; gain = 777.707
---------------------------------------------------------------------------------
---------------------------------------------------------------------------------
Start Timing Optimization
---------------------------------------------------------------------------------
---------------------------------------------------------------------------------
Finished Timing Optimization : Time (s): cpu = 00:00:34 ; elapsed = 00:00:39 . Memory (MB): peak = 1377.367 ; gain = 822.500
---------------------------------------------------------------------------------
---------------------------------------------------------------------------------
Start Technology Mapping
---------------------------------------------------------------------------------
---------------------------------------------------------------------------------
Finished Technology Mapping : Time (s): cpu = 00:00:35 ; elapsed = 00:00:39 . Memory (MB): peak = 1377.398 ; gain = 822.531
---------------------------------------------------------------------------------
---------------------------------------------------------------------------------
Start IO Insertion
---------------------------------------------------------------------------------
---------------------------------------------------------------------------------
Start Flattening Before IO Insertion
---------------------------------------------------------------------------------
---------------------------------------------------------------------------------
Finished Flattening Before IO Insertion
---------------------------------------------------------------------------------
---------------------------------------------------------------------------------
Start Final Netlist Cleanup
---------------------------------------------------------------------------------
---------------------------------------------------------------------------------
Finished Final Netlist Cleanup
---------------------------------------------------------------------------------
---------------------------------------------------------------------------------
Finished IO Insertion : Time (s): cpu = 00:00:38 ; elapsed = 00:00:42 . Memory (MB): peak = 1565.023 ; gain = 1010.156
---------------------------------------------------------------------------------
---------------------------------------------------------------------------------
Start Renaming Generated Instances
---------------------------------------------------------------------------------
---------------------------------------------------------------------------------
Finished Renaming Generated Instances : Time (s): cpu = 00:00:38 ; elapsed = 00:00:42 . Memory (MB): peak = 1565.023 ; gain = 1010.156
---------------------------------------------------------------------------------
---------------------------------------------------------------------------------
Start Rebuilding User Hierarchy
---------------------------------------------------------------------------------
---------------------------------------------------------------------------------
Finished Rebuilding User Hierarchy : Time (s): cpu = 00:00:38 ; elapsed = 00:00:43 . Memory (MB): peak = 1565.023 ; gain = 1010.156
---------------------------------------------------------------------------------
---------------------------------------------------------------------------------
Start Renaming Generated Ports
---------------------------------------------------------------------------------
---------------------------------------------------------------------------------
Finished Renaming Generated Ports : Time (s): cpu = 00:00:38 ; elapsed = 00:00:43 . Memory (MB): peak = 1565.023 ; gain = 1010.156
---------------------------------------------------------------------------------
---------------------------------------------------------------------------------
Start Handling Custom Attributes
---------------------------------------------------------------------------------
---------------------------------------------------------------------------------
Finished Handling Custom Attributes : Time (s): cpu = 00:00:38 ; elapsed = 00:00:43 . Memory (MB): peak = 1565.023 ; gain = 1010.156
---------------------------------------------------------------------------------
---------------------------------------------------------------------------------
Start Renaming Generated Nets
---------------------------------------------------------------------------------
---------------------------------------------------------------------------------
Finished Renaming Generated Nets : Time (s): cpu = 00:00:38 ; elapsed = 00:00:43 . Memory (MB): peak = 1565.023 ; gain = 1010.156
---------------------------------------------------------------------------------
---------------------------------------------------------------------------------
Start Writing Synthesis Report
---------------------------------------------------------------------------------

Report BlackBoxes: 
+-+--------------+----------+
| |BlackBox name |Instances |
+-+--------------+----------+
+-+--------------+----------+

Report Cell Usage: 
+------+-----+------+
|      |Cell |Count |
+------+-----+------+
|1     |BUFG |     1|
|2     |LUT2 |    13|
|3     |LUT3 |   209|
|4     |LUT4 |     4|
|5     |LUT5 |    30|
|6     |LUT6 |   237|
|7     |FDCE |   198|
|8     |IBUF |    38|
|9     |OBUF |    32|
+------+-----+------+
---------------------------------------------------------------------------------
Finished Writing Synthesis Report : Time (s): cpu = 00:00:38 ; elapsed = 00:00:43 . Memory (MB): peak = 1565.023 ; gain = 1010.156
---------------------------------------------------------------------------------
Synthesis finished with 0 errors, 0 critical warnings and 1 warnings.
Synthesis Optimization Runtime : Time (s): cpu = 00:00:31 ; elapsed = 00:00:40 . Memory (MB): peak = 1565.023 ; gain = 924.160
Synthesis Optimization Complete : Time (s): cpu = 00:00:38 ; elapsed = 00:00:43 . Memory (MB): peak = 1565.023 ; gain = 1010.156
INFO: [Project 1-571] Translating synthesized netlist
Netlist sorting complete. Time (s): cpu = 00:00:00 ; elapsed = 00:00:00.010 . Memory (MB): peak = 1574.223 ; gain = 0.000
INFO: [Project 1-570] Preparing netlist for logic optimization
INFO: [Opt 31-138] Pushed 0 inverter(s) to 0 load pin(s).
Netlist sorting complete. Time (s): cpu = 00:00:00 ; elapsed = 00:00:00.001 . Memory (MB): peak = 1577.859 ; gain = 0.000
INFO: [Project 1-111] Unisim Transformation Summary:
No Unisim elements were transformed.

Synth Design complete | Checksum: 54d8a4fc
INFO: [Common 17-83] Releasing license: Synthesis
136 Infos, 1 Warnings, 0 Critical Warnings and 0 Errors encountered.
synth_design completed successfully
synth_design: Time (s): cpu = 00:00:42 ; elapsed = 00:00:58 . Memory (MB): peak = 1577.859 ; gain = 1207.766
Write ShapeDB Complete: Time (s): cpu = 00:00:00 ; elapsed = 00:00:00.002 . Memory (MB): peak = 1577.859 ; gain = 0.000
INFO: [Common 17-1381] The checkpoint 'C:/Users/utente/Desktop/Progetto_Vivado/RL_ExponentialFilter/ExponentialFilter/ProgettoRetiLogiche.runs/synth_1/FILTRO_ESPONENZIALE.dcp' has been generated.
INFO: [Vivado 12-24828] Executing command : report_utilization -file FILTRO_ESPONENZIALE_utilization_synth.rpt -pb FILTRO_ESPONENZIALE_utilization_synth.pb
INFO: [Common 17-206] Exiting Vivado at Thu Aug 28 18:10:27 2025...
