#-----------------------------------------------------------
# Vivado v2024.2 (64-bit)
# SW Build 5239630 on Fri Nov 08 22:35:27 MST 2024
# IP Build 5239520 on Sun Nov 10 16:12:51 MST 2024
# SharedData Build 5239561 on Fri Nov 08 14:39:27 MST 2024
# Start of session at: Thu Aug 28 18:09:25 2025
# Process ID         : 15540
# Current directory  : C:/Users/utente/Desktop/Progetto_Vivado/RL_ExponentialFilter/ExponentialFilter/ProgettoRetiLogiche.runs/synth_1
# Command line       : vivado.exe -log FILTRO_ESPONENZIALE.vds -product Vivado -mode batch -messageDb vivado.pb -notrace -source FILTRO_ESPONENZIALE.tcl
# Log file           : C:/Users/utente/Desktop/Progetto_Vivado/RL_ExponentialFilter/ExponentialFilter/ProgettoRetiLogiche.runs/synth_1/FILTRO_ESPONENZIALE.vds
# Journal file       : C:/Users/utente/Desktop/Progetto_Vivado/RL_ExponentialFilter/ExponentialFilter/ProgettoRetiLogiche.runs/synth_1\vivado.jou
# Running On         : LAPTOP-S8I20B5B
# Platform           : Windows Server 2016 or Windows 10
# Operating System   : 26100
# Processor Detail   : 11th Gen Intel(R) Core(TM) i5-1135G7 @ 2.40GHz
# CPU Frequency      : 2419 MHz
# CPU Physical cores : 4
# CPU Logical cores  : 8
# Host memory        : 16805 MB
# Swap memory        : 1073 MB
# Total Virtual      : 17878 MB
# Available Virtual  : 2779 MB
#-----------------------------------------------------------
source FILTRO_ESPONENZIALE.tcl -notrace
