INFO: [VRFC 10-2263] Analyzing Verilog file "C:/Users/utente/VivadoProject/ProgettoRetiLogiche/ProgettoRetiLogiche.sim/sim_1/impl/timing/xsim/TB_FILTRO_ESPONENZIALE_PPR_time_impl.v" into library xil_defaultlib
INFO: [VRFC 10-311] analyzing module FF_D
INFO: [VRFC 10-311] analyzing module FF_D_10
INFO: [VRFC 10-311] analyzing module FF_D_100
INFO: [VRFC 10-311] analyzing module FF_D_101
INFO: [VRFC 10-311] analyzing module FF_D_102
INFO: [VRFC 10-311] analyzing module FF_D_103
INFO: [VRFC 10-311] analyzing module FF_D_104
INFO: [VRFC 10-311] analyzing module FF_D_105
INFO: [VRFC 10-311] analyzing module FF_D_106
INFO: [VRFC 10-311] analyzing module FF_D_107
INFO: [VRFC 10-311] analyzing module FF_D_108
INFO: [VRFC 10-311] analyzing module FF_D_109
INFO: [VRFC 10-311] analyzing module FF_D_11
INFO: [VRFC 10-311] analyzing module FF_D_110
INFO: [VRFC 10-311] analyzing module FF_D_111
INFO: [VRFC 10-311] analyzing module FF_D_112
INFO: [VRFC 10-311] analyzing module FF_D_113
INFO: [VRFC 10-311] analyzing module FF_D_114
INFO: [VRFC 10-311] analyzing module FF_D_115
INFO: [VRFC 10-311] analyzing module FF_D_116
INFO: [VRFC 10-311] analyzing module FF_D_117
INFO: [VRFC 10-311] analyzing module FF_D_118
INFO: [VRFC 10-311] analyzing module FF_D_119
INFO: [VRFC 10-311] analyzing module FF_D_12
INFO: [VRFC 10-311] analyzing module FF_D_120
INFO: [VRFC 10-311] analyzing module FF_D_121
INFO: [VRFC 10-311] analyzing module FF_D_122
INFO: [VRFC 10-311] analyzing module FF_D_123
INFO: [VRFC 10-311] analyzing module FF_D_124
INFO: [VRFC 10-311] analyzing module FF_D_125
INFO: [VRFC 10-311] analyzing module FF_D_126
INFO: [VRFC 10-311] analyzing module FF_D_127
INFO: [VRFC 10-311] analyzing module FF_D_128
INFO: [VRFC 10-311] analyzing module FF_D_129
INFO: [VRFC 10-311] analyzing module FF_D_13
INFO: [VRFC 10-311] analyzing module FF_D_130
INFO: [VRFC 10-311] analyzing module FF_D_131
INFO: [VRFC 10-311] analyzing module FF_D_132
INFO: [VRFC 10-311] analyzing module FF_D_133
INFO: [VRFC 10-311] analyzing module FF_D_134
INFO: [VRFC 10-311] analyzing module FF_D_135
INFO: [VRFC 10-311] analyzing module FF_D_136
INFO: [VRFC 10-311] analyzing module FF_D_137
INFO: [VRFC 10-311] analyzing module FF_D_138
INFO: [VRFC 10-311] analyzing module FF_D_139
INFO: [VRFC 10-311] analyzing module FF_D_14
INFO: [VRFC 10-311] analyzing module FF_D_140
INFO: [VRFC 10-311] analyzing module FF_D_141
INFO: [VRFC 10-311] analyzing module FF_D_142
INFO: [VRFC 10-311] analyzing module FF_D_143
INFO: [VRFC 10-311] analyzing module FF_D_144
INFO: [VRFC 10-311] analyzing module FF_D_145
INFO: [VRFC 10-311] analyzing module FF_D_146
INFO: [VRFC 10-311] analyzing module FF_D_147
INFO: [VRFC 10-311] analyzing module FF_D_148
INFO: [VRFC 10-311] analyzing module FF_D_149
INFO: [VRFC 10-311] analyzing module FF_D_15
INFO: [VRFC 10-311] analyzing module FF_D_150
INFO: [VRFC 10-311] analyzing module FF_D_151
INFO: [VRFC 10-311] analyzing module FF_D_152
INFO: [VRFC 10-311] analyzing module FF_D_153
INFO: [VRFC 10-311] analyzing module FF_D_154
INFO: [VRFC 10-311] analyzing module FF_D_155
INFO: [VRFC 10-311] analyzing module FF_D_156
INFO: [VRFC 10-311] analyzing module FF_D_157
INFO: [VRFC 10-311] analyzing module FF_D_158
INFO: [VRFC 10-311] analyzing module FF_D_159
INFO: [VRFC 10-311] analyzing module FF_D_16
INFO: [VRFC 10-311] analyzing module FF_D_160
INFO: [VRFC 10-311] analyzing module FF_D_161
INFO: [VRFC 10-311] analyzing module FF_D_162
INFO: [VRFC 10-311] analyzing module FF_D_163
INFO: [VRFC 10-311] analyzing module FF_D_164
INFO: [VRFC 10-311] analyzing module FF_D_165
INFO: [VRFC 10-311] analyzing module FF_D_166
INFO: [VRFC 10-311] analyzing module FF_D_167
INFO: [VRFC 10-311] analyzing module FF_D_168
INFO: [VRFC 10-311] analyzing module FF_D_169
INFO: [VRFC 10-311] analyzing module FF_D_17
INFO: [VRFC 10-311] analyzing module FF_D_170
INFO: [VRFC 10-311] analyzing module FF_D_171
INFO: [VRFC 10-311] analyzing module FF_D_172
INFO: [VRFC 10-311] analyzing module FF_D_173
INFO: [VRFC 10-311] analyzing module FF_D_174
INFO: [VRFC 10-311] analyzing module FF_D_175
INFO: [VRFC 10-311] analyzing module FF_D_176
INFO: [VRFC 10-311] analyzing module FF_D_177
INFO: [VRFC 10-311] analyzing module FF_D_178
INFO: [VRFC 10-311] analyzing module FF_D_179
INFO: [VRFC 10-311] analyzing module FF_D_18
INFO: [VRFC 10-311] analyzing module FF_D_180
INFO: [VRFC 10-311] analyzing module FF_D_181
INFO: [VRFC 10-311] analyzing module FF_D_182
INFO: [VRFC 10-311] analyzing module FF_D_183
INFO: [VRFC 10-311] analyzing module FF_D_184
INFO: [VRFC 10-311] analyzing module FF_D_185
INFO: [VRFC 10-311] analyzing module FF_D_186
INFO: [VRFC 10-311] analyzing module FF_D_187
INFO: [VRFC 10-311] analyzing module FF_D_188
INFO: [VRFC 10-311] analyzing module FF_D_189
INFO: [VRFC 10-311] analyzing module FF_D_19
INFO: [VRFC 10-311] analyzing module FF_D_190
INFO: [VRFC 10-311] analyzing module FF_D_191
INFO: [VRFC 10-311] analyzing module FF_D_192
INFO: [VRFC 10-311] analyzing module FF_D_193
INFO: [VRFC 10-311] analyzing module FF_D_194
INFO: [VRFC 10-311] analyzing module FF_D_195
INFO: [VRFC 10-311] analyzing module FF_D_196
INFO: [VRFC 10-311] analyzing module FF_D_197
INFO: [VRFC 10-311] analyzing module FF_D_198
INFO: [VRFC 10-311] analyzing module FF_D_199
INFO: [VRFC 10-311] analyzing module FF_D_20
INFO: [VRFC 10-311] analyzing module FF_D_200
INFO: [VRFC 10-311] analyzing module FF_D_201
INFO: [VRFC 10-311] analyzing module FF_D_202
INFO: [VRFC 10-311] analyzing module FF_D_21
INFO: [VRFC 10-311] analyzing module FF_D_22
INFO: [VRFC 10-311] analyzing module FF_D_23
INFO: [VRFC 10-311] analyzing module FF_D_24
INFO: [VRFC 10-311] analyzing module FF_D_25
INFO: [VRFC 10-311] analyzing module FF_D_26
INFO: [VRFC 10-311] analyzing module FF_D_27
INFO: [VRFC 10-311] analyzing module FF_D_28
INFO: [VRFC 10-311] analyzing module FF_D_29
INFO: [VRFC 10-311] analyzing module FF_D_30
INFO: [VRFC 10-311] analyzing module FF_D_31
INFO: [VRFC 10-311] analyzing module FF_D_32
INFO: [VRFC 10-311] analyzing module FF_D_33
INFO: [VRFC 10-311] analyzing module FF_D_34
INFO: [VRFC 10-311] analyzing module FF_D_35
INFO: [VRFC 10-311] analyzing module FF_D_36
INFO: [VRFC 10-311] analyzing module FF_D_37
INFO: [VRFC 10-311] analyzing module FF_D_38
INFO: [VRFC 10-311] analyzing module FF_D_39
INFO: [VRFC 10-311] analyzing module FF_D_40
INFO: [VRFC 10-311] analyzing module FF_D_41
INFO: [VRFC 10-311] analyzing module FF_D_42
INFO: [VRFC 10-311] analyzing module FF_D_43
INFO: [VRFC 10-311] analyzing module FF_D_44
INFO: [VRFC 10-311] analyzing module FF_D_45
INFO: [VRFC 10-311] analyzing module FF_D_46
INFO: [VRFC 10-311] analyzing module FF_D_47
INFO: [VRFC 10-311] analyzing module FF_D_48
INFO: [VRFC 10-311] analyzing module FF_D_49
INFO: [VRFC 10-311] analyzing module FF_D_50
INFO: [VRFC 10-311] analyzing module FF_D_51
INFO: [VRFC 10-311] analyzing module FF_D_52
INFO: [VRFC 10-311] analyzing module FF_D_53
INFO: [VRFC 10-311] analyzing module FF_D_54
INFO: [VRFC 10-311] analyzing module FF_D_55
INFO: [VRFC 10-311] analyzing module FF_D_56
INFO: [VRFC 10-311] analyzing module FF_D_57
INFO: [VRFC 10-311] analyzing module FF_D_58
INFO: [VRFC 10-311] analyzing module FF_D_59
INFO: [VRFC 10-311] analyzing module FF_D_6
INFO: [VRFC 10-311] analyzing module FF_D_60
INFO: [VRFC 10-311] analyzing module FF_D_61
INFO: [VRFC 10-311] analyzing module FF_D_62
INFO: [VRFC 10-311] analyzing module FF_D_63
INFO: [VRFC 10-311] analyzing module FF_D_64
INFO: [VRFC 10-311] analyzing module FF_D_65
INFO: [VRFC 10-311] analyzing module FF_D_66
INFO: [VRFC 10-311] analyzing module FF_D_67
INFO: [VRFC 10-311] analyzing module FF_D_68
INFO: [VRFC 10-311] analyzing module FF_D_69
INFO: [VRFC 10-311] analyzing module FF_D_7
INFO: [VRFC 10-311] analyzing module FF_D_70
INFO: [VRFC 10-311] analyzing module FF_D_71
INFO: [VRFC 10-311] analyzing module FF_D_72
INFO: [VRFC 10-311] analyzing module FF_D_73
INFO: [VRFC 10-311] analyzing module FF_D_74
INFO: [VRFC 10-311] analyzing module FF_D_75
INFO: [VRFC 10-311] analyzing module FF_D_76
INFO: [VRFC 10-311] analyzing module FF_D_77
INFO: [VRFC 10-311] analyzing module FF_D_78
INFO: [VRFC 10-311] analyzing module FF_D_79
INFO: [VRFC 10-311] analyzing module FF_D_8
INFO: [VRFC 10-311] analyzing module FF_D_80
INFO: [VRFC 10-311] analyzing module FF_D_81
INFO: [VRFC 10-311] analyzing module FF_D_82
INFO: [VRFC 10-311] analyzing module FF_D_83
INFO: [VRFC 10-311] analyzing module FF_D_84
INFO: [VRFC 10-311] analyzing module FF_D_85
INFO: [VRFC 10-311] analyzing module FF_D_86
INFO: [VRFC 10-311] analyzing module FF_D_87
INFO: [VRFC 10-311] analyzing module FF_D_88
INFO: [VRFC 10-311] analyzing module FF_D_89
INFO: [VRFC 10-311] analyzing module FF_D_9
INFO: [VRFC 10-311] analyzing module FF_D_90
INFO: [VRFC 10-311] analyzing module FF_D_91
INFO: [VRFC 10-311] analyzing module FF_D_92
INFO: [VRFC 10-311] analyzing module FF_D_93
INFO: [VRFC 10-311] analyzing module FF_D_94
INFO: [VRFC 10-311] analyzing module FF_D_95
INFO: [VRFC 10-311] analyzing module FF_D_96
INFO: [VRFC 10-311] analyzing module FF_D_97
INFO: [VRFC 10-311] analyzing module FF_D_98
INFO: [VRFC 10-311] analyzing module FF_D_99
INFO: [VRFC 10-311] analyzing module FF_D_N
INFO: [VRFC 10-311] analyzing module FF_D_N_0
INFO: [VRFC 10-311] analyzing module FF_D_N_1
INFO: [VRFC 10-311] analyzing module FF_D_N_3
INFO: [VRFC 10-311] analyzing module FF_D_N_4
INFO: [VRFC 10-311] analyzing module FF_D_N_5
INFO: [VRFC 10-311] analyzing module FF_D_N__parameterized0
INFO: [VRFC 10-311] analyzing module FF_D_N__parameterized0_2
INFO: [VRFC 10-311] analyzing module FILTRO_ESPONENZIALE
INFO: [VRFC 10-311] analyzing module glbl
INFO: [VRFC 10-163] Analyzing VHDL file "C:/Users/utente/VivadoProject/ProgettoRetiLogiche/ProgettoRetiLogiche.srcs/sim_1/new/TB_FILTRO_ESPONENZIALE_PPR.vhd" into library xil_defaultlib
INFO: [VRFC 10-3107] analyzing entity 'TB_FILTRO_ESPONENZIALE_PPR'
