#-----------------------------------------------------------
# Vivado v2024.2 (64-bit)
# SW Build 5239630 on Fri Nov 08 22:35:27 MST 2024
# IP Build 5239520 on Sun Nov 10 16:12:51 MST 2024
# SharedData Build 5239561 on Fri Nov 08 14:39:27 MST 2024
# Start of session at: Thu May  8 15:42:47 2025
# Process ID         : 1828
# Current directory  : C:/Users/utente/VivaldoProjects/ProgettoRetiLogiche/ProgettoRetiLogiche.srcs/utils_1/imports/synth_1
# Command line       : vivado.exe -gui_launcher_event rodinguilauncherevent17308 C:\Users\utente\VivaldoProjects\ProgettoRetiLogiche\ProgettoRetiLogiche.srcs\utils_1\imports\synth_1\FA.dcp
# Log file           : C:/Users/utente/VivaldoProjects/ProgettoRetiLogiche/ProgettoRetiLogiche.srcs/utils_1/imports/synth_1/vivado.log
# Journal file       : C:/Users/utente/VivaldoProjects/ProgettoRetiLogiche/ProgettoRetiLogiche.srcs/utils_1/imports/synth_1\vivado.jou
# Running On         : LAPTOP-S8I20B5B
# Platform           : Windows Server 2016 or Windows 10
# Operating System   : 26100
# Processor Detail   : 11th Gen Intel(R) Core(TM) i5-1135G7 @ 2.40GHz
# CPU Frequency      : 2419 MHz
# CPU Physical cores : 4
# CPU Logical cores  : 8
# Host memory        : 16805 MB
# Swap memory        : 1073 MB
# Total Virtual      : 17878 MB
# Available Virtual  : 3535 MB
#-----------------------------------------------------------
start_gui
open_checkpoint C:/Users/utente/VivaldoProjects/ProgettoRetiLogiche/ProgettoRetiLogiche.srcs/utils_1/imports/synth_1/FA.dcp
Command: open_checkpoint C:/Users/utente/VivaldoProjects/ProgettoRetiLogiche/ProgettoRetiLogiche.srcs/utils_1/imports/synth_1/FA.dcp

Starting open_checkpoint Task

Time (s): cpu = 00:00:00 ; elapsed = 00:00:00.054 . Memory (MB): peak = 1124.496 ; gain = 9.527
INFO: [IP_Flow 19-234] Refreshing IP repositories
INFO: [IP_Flow 19-1704] No user IP repositories specified
INFO: [IP_Flow 19-2313] Loaded Vivado IP repository 'C:/Users/utente/Vivado/2024.2/data/ip'.
INFO: [Device 21-403] Loading part xc7k70tfbv676-1
Netlist sorting complete. Time (s): cpu = 00:00:00 ; elapsed = 00:00:00 . Memory (MB): peak = 1371.703 ; gain = 0.000
INFO: [Project 1-479] Netlist was created with Vivado 2024.2
INFO: [Common 17-41] Interrupt caught. Command should exit soon.
INFO: [Common 17-344] 'open_checkpoint' was cancelled
exit
INFO: [Common 17-206] Exiting Vivado at Thu May  8 15:43:15 2025...
