#-----------------------------------------------------------
# Vivado v2024.2 (64-bit)
# SW Build 5239630 on Fri Nov 08 22:35:27 MST 2024
# IP Build 5239520 on Sun Nov 10 16:12:51 MST 2024
# SharedData Build 5239561 on Fri Nov 08 14:39:27 MST 2024
# Start of session at: Thu May  8 17:06:10 2025
# Process ID         : 14440
# Current directory  : C:/Users/utente/VivaldoProjects/ProgettoRetiLogiche/ProgettoRetiLogiche.srcs/utils_1/imports/synth_1
# Command line       : vivado.exe -gui_launcher_event rodinguilauncherevent18716 C:\Users\utente\VivaldoProjects\ProgettoRetiLogiche\ProgettoRetiLogiche.srcs\utils_1\imports\synth_1\FA.dcp
# Log file           : C:/Users/utente/VivaldoProjects/ProgettoRetiLogiche/ProgettoRetiLogiche.srcs/utils_1/imports/synth_1/vivado.log
# Journal file       : C:/Users/utente/VivaldoProjects/ProgettoRetiLogiche/ProgettoRetiLogiche.srcs/utils_1/imports/synth_1\vivado.jou
# Running On         : LAPTOP-S8I20B5B
# Platform           : Windows Server 2016 or Windows 10
# Operating System   : 26100
# Processor Detail   : 11th Gen Intel(R) Core(TM) i5-1135G7 @ 2.40GHz
# CPU Frequency      : 2419 MHz
# CPU Physical cores : 4
# CPU Logical cores  : 8
# Host memory        : 16805 MB
# Swap memory        : 1073 MB
# Total Virtual      : 17878 MB
# Available Virtual  : 3266 MB
#-----------------------------------------------------------
start_gui
open_checkpoint C:/Users/utente/VivaldoProjects/ProgettoRetiLogiche/ProgettoRetiLogiche.srcs/utils_1/imports/synth_1/FA.dcp
Command: open_checkpoint C:/Users/utente/VivaldoProjects/ProgettoRetiLogiche/ProgettoRetiLogiche.srcs/utils_1/imports/synth_1/FA.dcp

Starting open_checkpoint Task

Time (s): cpu = 00:00:01 ; elapsed = 00:00:00.075 . Memory (MB): peak = 1133.363 ; gain = 10.855
INFO: [IP_Flow 19-234] Refreshing IP repositories
INFO: [IP_Flow 19-1704] No user IP repositories specified
INFO: [IP_Flow 19-2313] Loaded Vivado IP repository 'C:/Users/utente/Vivado/2024.2/data/ip'.
INFO: [Device 21-403] Loading part xc7k70tfbv676-1
Netlist sorting complete. Time (s): cpu = 00:00:00 ; elapsed = 00:00:00.001 . Memory (MB): peak = 1331.691 ; gain = 0.000
INFO: [Project 1-479] Netlist was created with Vivado 2024.2
INFO: [Project 1-570] Preparing netlist for logic optimization
Read ShapeDB Complete: Time (s): cpu = 00:00:00 ; elapsed = 00:00:00.002 . Memory (MB): peak = 1421.566 ; gain = 0.027
Netlist sorting complete. Time (s): cpu = 00:00:00 ; elapsed = 00:00:00 . Memory (MB): peak = 1422.547 ; gain = 0.000
INFO: [Project 1-111] Unisim Transformation Summary:
No Unisim elements were transformed.

INFO: [Project 1-604] Checkpoint was created with Vivado v2024.2 (64-bit) build 5239630
open_checkpoint: Time (s): cpu = 00:00:24 ; elapsed = 00:00:13 . Memory (MB): peak = 1786.543 ; gain = 685.082
exit
INFO: [Common 17-206] Exiting Vivado at Thu May  8 17:06:57 2025...
