Vivado Simulator v2024.2.0
Copyright 1986-2022 Xilinx, Inc. All Rights Reserved.
Copyright 2022-2024 Advanced Micro Devices, Inc. All Rights Reserved.
Running: C:/Users/utente/Vivado/2024.2/bin/unwrapped/win64.o/xelab.exe --incr --debug typical --relax --mt 2 -L xil_defaultlib -L unisims_ver -L secureip --snapshot TB_FILTRO_ESPONENZIALE_func_impl xil_defaultlib.TB_FILTRO_ESPONENZIALE xil_defaultlib.glbl -log elaborate.log 
Using 2 slave threads.
Starting static elaboration
Pass Through NonSizing Optimizer
Completed static elaboration
Starting simulation data flow analysis
Completed simulation data flow analysis
Time Resolution for simulation is 1ps
Compiling package std.standard
Compiling package std.textio
Compiling package ieee.std_logic_1164
Compiling package ieee.std_logic_textio
Compiling package vl.vl_types
Compiling module xil_defaultlib.glbl
Compiling module unisims_ver.BUFG
Compiling module unisims_ver.IBUF
Compiling module unisims_ver.LUT6
Compiling module unisims_ver.FDCE_default
Compiling module xil_defaultlib.FF_D_201
Compiling module xil_defaultlib.FF_D_202
Compiling module xil_defaultlib.FF_D_203
Compiling module xil_defaultlib.FF_D_3
Compiling module xil_defaultlib.FF_D_169
Compiling module unisims_ver.x_lut3_mux8
Compiling module unisims_ver.LUT3
Compiling module unisims_ver.LUT5
Compiling module xil_defaultlib.FF_D_170
Compiling module xil_defaultlib.FF_D_171
Compiling module xil_defaultlib.FF_D_172
Compiling module xil_defaultlib.FF_D_173
Compiling module xil_defaultlib.FF_D_174
Compiling module xil_defaultlib.FF_D_175
Compiling module xil_defaultlib.FF_D_176
Compiling module xil_defaultlib.FF_D_177
Compiling module xil_defaultlib.FF_D_178
Compiling module xil_defaultlib.FF_D_179
Compiling module xil_defaultlib.FF_D_180
Compiling module xil_defaultlib.FF_D_181
Compiling module xil_defaultlib.FF_D_182
Compiling module xil_defaultlib.FF_D_183
Compiling module xil_defaultlib.FF_D_184
Compiling module xil_defaultlib.FF_D_185
Compiling module xil_defaultlib.FF_D_186
Compiling module xil_defaultlib.FF_D_187
Compiling module xil_defaultlib.FF_D_188
Compiling module xil_defaultlib.FF_D_189
Compiling module xil_defaultlib.FF_D_190
Compiling module xil_defaultlib.FF_D_191
Compiling module unisims_ver.LUT4
Compiling module xil_defaultlib.FF_D_192
Compiling module xil_defaultlib.FF_D_193
Compiling module xil_defaultlib.FF_D_194
Compiling module xil_defaultlib.FF_D_195
Compiling module xil_defaultlib.FF_D_196
Compiling module xil_defaultlib.FF_D_197
Compiling module xil_defaultlib.FF_D_198
Compiling module xil_defaultlib.FF_D_199
Compiling module xil_defaultlib.FF_D_200
Compiling module xil_defaultlib.FF_D_32
Compiling module xil_defaultlib.FF_D_137
Compiling module xil_defaultlib.FF_D_138
Compiling module xil_defaultlib.FF_D_139
Compiling module xil_defaultlib.FF_D_140
Compiling module xil_defaultlib.FF_D_141
Compiling module xil_defaultlib.FF_D_142
Compiling module xil_defaultlib.FF_D_143
Compiling module xil_defaultlib.FF_D_144
Compiling module xil_defaultlib.FF_D_145
Compiling module xil_defaultlib.FF_D_146
Compiling module xil_defaultlib.FF_D_147
Compiling module xil_defaultlib.FF_D_148
Compiling module xil_defaultlib.FF_D_149
Compiling module xil_defaultlib.FF_D_150
Compiling module xil_defaultlib.FF_D_151
Compiling module xil_defaultlib.FF_D_152
Compiling module xil_defaultlib.FF_D_153
Compiling module xil_defaultlib.FF_D_154
Compiling module xil_defaultlib.FF_D_155
Compiling module xil_defaultlib.FF_D_156
Compiling module xil_defaultlib.FF_D_157
Compiling module xil_defaultlib.FF_D_158
Compiling module xil_defaultlib.FF_D_159
Compiling module xil_defaultlib.FF_D_160
Compiling module xil_defaultlib.FF_D_161
Compiling module xil_defaultlib.FF_D_162
Compiling module xil_defaultlib.FF_D_163
Compiling module xil_defaultlib.FF_D_164
Compiling module xil_defaultlib.FF_D_165
Compiling module xil_defaultlib.FF_D_166
Compiling module xil_defaultlib.FF_D_167
Compiling module xil_defaultlib.FF_D_168
Compiling module xil_defaultlib.FF_D_32_0
Compiling module xil_defaultlib.FF_D_105
Compiling module xil_defaultlib.FF_D_106
Compiling module xil_defaultlib.FF_D_107
Compiling module xil_defaultlib.FF_D_108
Compiling module xil_defaultlib.FF_D_109
Compiling module xil_defaultlib.FF_D_110
Compiling module xil_defaultlib.FF_D_111
Compiling module xil_defaultlib.FF_D_112
Compiling module xil_defaultlib.FF_D_113
Compiling module xil_defaultlib.FF_D_114
Compiling module xil_defaultlib.FF_D_115
Compiling module xil_defaultlib.FF_D_116
Compiling module xil_defaultlib.FF_D_117
Compiling module xil_defaultlib.FF_D_118
Compiling module xil_defaultlib.FF_D_119
Compiling module xil_defaultlib.FF_D_120
Compiling module xil_defaultlib.FF_D_121
Compiling module xil_defaultlib.FF_D_122
Compiling module xil_defaultlib.FF_D_123
Compiling module xil_defaultlib.FF_D_124
Compiling module xil_defaultlib.FF_D_125
Compiling module xil_defaultlib.FF_D_126
Compiling module xil_defaultlib.FF_D_127
Compiling module xil_defaultlib.FF_D_128
Compiling module xil_defaultlib.FF_D_129
Compiling module xil_defaultlib.FF_D_130
Compiling module xil_defaultlib.FF_D_131
Compiling module xil_defaultlib.FF_D_132
Compiling module xil_defaultlib.FF_D_133
Compiling module xil_defaultlib.FF_D_134
Compiling module xil_defaultlib.FF_D_135
Compiling module xil_defaultlib.FF_D_136
Compiling module xil_defaultlib.FF_D_32_1
Compiling module xil_defaultlib.FF_D_102
Compiling module xil_defaultlib.FF_D_103
Compiling module unisims_ver.x_lut2_mux4
Compiling module unisims_ver.LUT2
Compiling module xil_defaultlib.FF_D_104
Compiling module xil_defaultlib.FF_D_3_2
Compiling module xil_defaultlib.FF_D_70
Compiling module xil_defaultlib.FF_D_71
Compiling module xil_defaultlib.FF_D_72
Compiling module xil_defaultlib.FF_D_73
Compiling module xil_defaultlib.FF_D_74
Compiling module xil_defaultlib.FF_D_75
Compiling module xil_defaultlib.FF_D_76
Compiling module xil_defaultlib.FF_D_77
Compiling module xil_defaultlib.FF_D_78
Compiling module xil_defaultlib.FF_D_79
Compiling module xil_defaultlib.FF_D_80
Compiling module xil_defaultlib.FF_D_81
Compiling module xil_defaultlib.FF_D_82
Compiling module xil_defaultlib.FF_D_83
Compiling module xil_defaultlib.FF_D_84
Compiling module xil_defaultlib.FF_D_85
Compiling module xil_defaultlib.FF_D_86
Compiling module xil_defaultlib.FF_D_87
Compiling module xil_defaultlib.FF_D_88
Compiling module xil_defaultlib.FF_D_89
Compiling module xil_defaultlib.FF_D_90
Compiling module xil_defaultlib.FF_D_91
Compiling module xil_defaultlib.FF_D_92
Compiling module xil_defaultlib.FF_D_93
Compiling module xil_defaultlib.FF_D_94
Compiling module xil_defaultlib.FF_D_95
Compiling module xil_defaultlib.FF_D_96
Compiling module xil_defaultlib.FF_D_97
Compiling module xil_defaultlib.FF_D_98
Compiling module xil_defaultlib.FF_D_99
Compiling module xil_defaultlib.FF_D_100
Compiling module xil_defaultlib.FF_D_101
Compiling module xil_defaultlib.FF_D_32_3
Compiling module xil_defaultlib.FF_D_38
Compiling module xil_defaultlib.FF_D_39
Compiling module xil_defaultlib.FF_D_40
Compiling module xil_defaultlib.FF_D_41
Compiling module xil_defaultlib.FF_D_42
Compiling module xil_defaultlib.FF_D_43
Compiling module xil_defaultlib.FF_D_44
Compiling module xil_defaultlib.FF_D_45
Compiling module xil_defaultlib.FF_D_46
Compiling module xil_defaultlib.FF_D_47
Compiling module xil_defaultlib.FF_D_48
Compiling module xil_defaultlib.FF_D_49
Compiling module xil_defaultlib.FF_D_50
Compiling module xil_defaultlib.FF_D_51
Compiling module xil_defaultlib.FF_D_52
Compiling module xil_defaultlib.FF_D_53
Compiling module xil_defaultlib.FF_D_54
Compiling module xil_defaultlib.FF_D_55
Compiling module xil_defaultlib.FF_D_56
Compiling module xil_defaultlib.FF_D_57
Compiling module xil_defaultlib.FF_D_58
Compiling module xil_defaultlib.FF_D_59
Compiling module xil_defaultlib.FF_D_60
Compiling module xil_defaultlib.FF_D_61
Compiling module xil_defaultlib.FF_D_62
Compiling module xil_defaultlib.FF_D_63
Compiling module xil_defaultlib.FF_D_64
Compiling module xil_defaultlib.FF_D_65
Compiling module xil_defaultlib.FF_D_66
Compiling module xil_defaultlib.FF_D_67
Compiling module xil_defaultlib.FF_D_68
Compiling module xil_defaultlib.FF_D_69
Compiling module xil_defaultlib.FF_D_32_4
Compiling module xil_defaultlib.FF_D
Compiling module xil_defaultlib.FF_D_6
Compiling module xil_defaultlib.FF_D_7
Compiling module xil_defaultlib.FF_D_8
Compiling module xil_defaultlib.FF_D_9
Compiling module xil_defaultlib.FF_D_10
Compiling module xil_defaultlib.FF_D_11
Compiling module xil_defaultlib.FF_D_12
Compiling module xil_defaultlib.FF_D_13
Compiling module xil_defaultlib.FF_D_14
Compiling module xil_defaultlib.FF_D_15
Compiling module xil_defaultlib.FF_D_16
Compiling module xil_defaultlib.FF_D_17
Compiling module xil_defaultlib.FF_D_18
Compiling module xil_defaultlib.FF_D_19
Compiling module xil_defaultlib.FF_D_20
Compiling module xil_defaultlib.FF_D_21
Compiling module xil_defaultlib.FF_D_22
Compiling module xil_defaultlib.FF_D_23
Compiling module xil_defaultlib.FF_D_24
Compiling module xil_defaultlib.FF_D_25
Compiling module xil_defaultlib.FF_D_26
Compiling module xil_defaultlib.FF_D_27
Compiling module xil_defaultlib.FF_D_28
Compiling module xil_defaultlib.FF_D_29
Compiling module xil_defaultlib.FF_D_30
Compiling module xil_defaultlib.FF_D_31
Compiling module xil_defaultlib.FF_D_33
Compiling module xil_defaultlib.FF_D_34
Compiling module xil_defaultlib.FF_D_35
Compiling module xil_defaultlib.FF_D_36
Compiling module xil_defaultlib.FF_D_37
Compiling module xil_defaultlib.FF_D_32_5
Compiling module unisims_ver.OBUF
Compiling module xil_defaultlib.FILTRO_ESPONENZIALE
Compiling architecture beh of entity xil_defaultlib.tb_filtro_esponenziale
Built simulation snapshot TB_FILTRO_ESPONENZIALE_func_impl
